Component: ARM Compiler 5.06 update 6 (build 750) Tool: armlink [4d35ed]

==============================================================================

Section Cross References

    main.o(i.main) refers to uart.o(i.USART1Conf) for USART1Conf
    main.o(i.main) refers to uart.o(i.PutDbgStrln) for PutDbgStrln
    main.o(i.main) refers to delay.o(i.delay_init) for delay_init
    main.o(i.main) refers to interface.o(i.GPIOCLKInit) for GPIOCLKInit
    main.o(i.main) refers to interface.o(i.UserLEDInit) for UserLEDInit
    main.o(i.main) refers to interface.o(i.TIM3_PWM_Init) for TIM3_PWM_Init
    main.o(i.main) refers to motor.o(i.MotorInit) for MotorInit
    main.o(i.main) refers to serialportapi.o(i.UartBegin) for UartBegin
    main.o(i.main) refers to esp8266.o(i.SetBaud) for SetBaud
    main.o(i.main) refers to delay.o(i.delay_ms) for delay_ms
    main.o(i.main) refers to stm32f10x_gpio.o(i.GPIO_SetBits) for GPIO_SetBits
    main.o(i.main) refers to esp8266.o(i.WifiInit) for WifiInit
    main.o(i.main) refers to serialportapi.o(i.SerialAvailable) for SerialAvailable
    main.o(i.main) refers to esp8266.o(i.recv) for recv
    main.o(i.main) refers to motor.o(i.CarGo) for CarGo
    main.o(i.main) refers to motor.o(i.CarBack) for CarBack
    main.o(i.main) refers to motor.o(i.CarLeft) for CarLeft
    main.o(i.main) refers to motor.o(i.CarRight) for CarRight
    main.o(i.main) refers to motor.o(i.CarStop) for CarStop
    main.o(i.main) refers to uart.o(i.PutChar) for PutChar
    main.o(i.main) refers to uart.o(i.USART3Conf) for USART3Conf
    main.o(i.main) refers to main.o(.data) for .data
    main.o(i.main) refers to main.o(.bss) for .bss
    interface.o(i.GPIOCLKInit) refers to stm32f10x_rcc.o(i.RCC_APB2PeriphClockCmd) for RCC_APB2PeriphClockCmd
    interface.o(i.ServoInit) refers to stm32f10x_gpio.o(i.GPIO_Init) for GPIO_Init
    interface.o(i.ServoInit) refers to stm32f10x_gpio.o(i.GPIO_SetBits) for GPIO_SetBits
    interface.o(i.TIM2_IRQHandler) refers to stm32f10x_tim.o(i.TIM_GetITStatus) for TIM_GetITStatus
    interface.o(i.TIM2_IRQHandler) refers to stm32f10x_tim.o(i.TIM_ClearITPendingBit) for TIM_ClearITPendingBit
    interface.o(i.TIM2_Init) refers to stm32f10x_rcc.o(i.RCC_APB1PeriphClockCmd) for RCC_APB1PeriphClockCmd
    interface.o(i.TIM2_Init) refers to stm32f10x_tim.o(i.TIM_TimeBaseInit) for TIM_TimeBaseInit
    interface.o(i.TIM2_Init) refers to stm32f10x_tim.o(i.TIM_ClearITPendingBit) for TIM_ClearITPendingBit
    interface.o(i.TIM2_Init) refers to stm32f10x_tim.o(i.TIM_ITConfig) for TIM_ITConfig
    interface.o(i.TIM2_Init) refers to stm32f10x_tim.o(i.TIM_Cmd) for TIM_Cmd
    interface.o(i.TIM2_Init) refers to misc.o(i.NVIC_Init) for NVIC_Init
    interface.o(i.TIM3_IRQHandler) refers to stm32f10x_tim.o(i.TIM_GetITStatus) for TIM_GetITStatus
    interface.o(i.TIM3_IRQHandler) refers to stm32f10x_tim.o(i.TIM_ClearITPendingBit) for TIM_ClearITPendingBit
    interface.o(i.TIM3_Int_Init) refers to stm32f10x_rcc.o(i.RCC_APB1PeriphClockCmd) for RCC_APB1PeriphClockCmd
    interface.o(i.TIM3_Int_Init) refers to stm32f10x_tim.o(i.TIM_TimeBaseInit) for TIM_TimeBaseInit
    interface.o(i.TIM3_Int_Init) refers to stm32f10x_tim.o(i.TIM_ITConfig) for TIM_ITConfig
    interface.o(i.TIM3_Int_Init) refers to misc.o(i.NVIC_Init) for NVIC_Init
    interface.o(i.TIM3_Int_Init) refers to stm32f10x_tim.o(i.TIM_Cmd) for TIM_Cmd
    interface.o(i.TIM3_PWM_Init) refers to stm32f10x_rcc.o(i.RCC_APB1PeriphClockCmd) for RCC_APB1PeriphClockCmd
    interface.o(i.TIM3_PWM_Init) refers to stm32f10x_rcc.o(i.RCC_APB2PeriphClockCmd) for RCC_APB2PeriphClockCmd
    interface.o(i.TIM3_PWM_Init) refers to stm32f10x_gpio.o(i.GPIO_Init) for GPIO_Init
    interface.o(i.TIM3_PWM_Init) refers to stm32f10x_tim.o(i.TIM_TimeBaseInit) for TIM_TimeBaseInit
    interface.o(i.TIM3_PWM_Init) refers to stm32f10x_tim.o(i.TIM_OC2Init) for TIM_OC2Init
    interface.o(i.TIM3_PWM_Init) refers to stm32f10x_tim.o(i.TIM_OC2PreloadConfig) for TIM_OC2PreloadConfig
    interface.o(i.TIM3_PWM_Init) refers to stm32f10x_tim.o(i.TIM_OC1Init) for TIM_OC1Init
    interface.o(i.TIM3_PWM_Init) refers to stm32f10x_tim.o(i.TIM_OC1PreloadConfig) for TIM_OC1PreloadConfig
    interface.o(i.TIM3_PWM_Init) refers to stm32f10x_tim.o(i.TIM_Cmd) for TIM_Cmd
    interface.o(i.UserLEDInit) refers to stm32f10x_gpio.o(i.GPIO_Init) for GPIO_Init
    interface.o(i.UserLEDInit) refers to stm32f10x_gpio.o(i.GPIO_ResetBits) for GPIO_ResetBits
    delay.o(i.delay_init) refers to misc.o(i.SysTick_CLKSourceConfig) for SysTick_CLKSourceConfig
    delay.o(i.delay_init) refers to system_stm32f10x.o(.data) for SystemCoreClock
    delay.o(i.delay_init) refers to delay.o(.data) for .data
    delay.o(i.delay_ms) refers to delay.o(.data) for .data
    delay.o(i.delay_us) refers to delay.o(.data) for .data
    stm32f10x_adc.o(i.ADC_DeInit) refers to stm32f10x_rcc.o(i.RCC_APB2PeriphResetCmd) for RCC_APB2PeriphResetCmd
[...]
    Removing stm32f10x_dbgmcu.o(i.DBGMCU_GetDEVID), (16 bytes).
    Removing stm32f10x_dbgmcu.o(i.DBGMCU_GetREVID), (12 bytes).
    Removing stm32f10x_dma.o(i.DMA_ClearFlag), (24 bytes).
    Removing stm32f10x_dma.o(i.DMA_ClearITPendingBit), (24 bytes).
    Removing stm32f10x_dma.o(i.DMA_Cmd), (20 bytes).
    Removing stm32f10x_dma.o(i.DMA_DeInit), (224 bytes).
    Removing stm32f10x_dma.o(i.DMA_GetCurrDataCounter), (6 bytes).
    Removing stm32f10x_dma.o(i.DMA_GetFlagStatus), (32 bytes).
    Removing stm32f10x_dma.o(i.DMA_GetITStatus), (32 bytes).
    Removing stm32f10x_dma.o(i.DMA_ITConfig), (16 bytes).
    Removing stm32f10x_dma.o(i.DMA_Init), (58 bytes).
    Removing stm32f10x_dma.o(i.DMA_StructInit), (26 bytes).
    Removing stm32f10x_exti.o(i.EXTI_ClearFlag), (12 bytes).
    Removing stm32f10x_exti.o(i.EXTI_ClearITPendingBit), (12 bytes).
    Removing stm32f10x_exti.o(i.EXTI_DeInit), (36 bytes).
    Removing stm32f10x_exti.o(i.EXTI_GenerateSWInterrupt), (16 bytes).
    Removing stm32f10x_exti.o(i.EXTI_GetFlagStatus), (20 bytes).
    Removing stm32f10x_exti.o(i.EXTI_GetITStatus), (32 bytes).
    Removing stm32f10x_exti.o(i.EXTI_Init), (112 bytes).
    Removing stm32f10x_exti.o(i.EXTI_StructInit), (14 bytes).
    Removing stm32f10x_flash.o(i.FLASH_ClearFlag), (12 bytes).
    Removing stm32f10x_flash.o(i.FLASH_EnableWriteProtection), (172 bytes).
    Removing stm32f10x_flash.o(i.FLASH_EraseAllBank1Pages), (60 bytes).
    Removing stm32f10x_flash.o(i.FLASH_EraseAllPages), (60 bytes).
    Removing stm32f10x_flash.o(i.FLASH_EraseOptionBytes), (124 bytes).
    Removing stm32f10x_flash.o(i.FLASH_ErasePage), (64 bytes).
    Removing stm32f10x_flash.o(i.FLASH_GetBank1Status), (40 bytes).
    Removing stm32f10x_flash.o(i.FLASH_GetFlagStatus), (32 bytes).
    Removing stm32f10x_flash.o(i.FLASH_GetPrefetchBufferStatus), (20 bytes).
    Removing stm32f10x_flash.o(i.FLASH_GetReadOutProtectionStatus), (20 bytes).
    Removing stm32f10x_flash.o(i.FLASH_GetStatus), (40 bytes).
    Removing stm32f10x_flash.o(i.FLASH_GetUserOptionByte), (12 bytes).
    Removing stm32f10x_flash.o(i.FLASH_GetWriteProtectionOptionByte), (12 bytes).
    Removing stm32f10x_flash.o(i.FLASH_HalfCycleAccessCmd), (24 bytes).
    Removing stm32f10x_flash.o(i.FLASH_ITConfig), (24 bytes).
    Removing stm32f10x_flash.o(i.FLASH_Lock), (16 bytes).
    Removing stm32f10x_flash.o(i.FLASH_LockBank1), (16 bytes).
    Removing stm32f10x_flash.o(i.FLASH_PrefetchBufferCmd), (24 bytes).
    Removing stm32f10x_flash.o(i.FLASH_ProgramHalfWord), (56 bytes).
    Removing stm32f10x_flash.o(i.FLASH_ProgramOptionByteData), (76 bytes).
    Removing stm32f10x_flash.o(i.FLASH_ProgramWord), (84 bytes).
    Removing stm32f10x_flash.o(i.FLASH_ReadOutProtection), (136 bytes).
    Removing stm32f10x_flash.o(i.FLASH_SetLatency), (20 bytes).
    Removing stm32f10x_flash.o(i.FLASH_Unlock), (24 bytes).
    Removing stm32f10x_flash.o(i.FLASH_UnlockBank1), (24 bytes).
    Removing stm32f10x_flash.o(i.FLASH_UserOptionByteConfig), (96 bytes).
    Removing stm32f10x_flash.o(i.FLASH_WaitForLastBank1Operation), (34 bytes).
    Removing stm32f10x_flash.o(i.FLASH_WaitForLastOperation), (34 bytes).
    Removing stm32f10x_fsmc.o(i.FSMC_ClearFlag), (38 bytes).
    Removing stm32f10x_fsmc.o(i.FSMC_ClearITPendingBit), (42 bytes).
    Removing stm32f10x_fsmc.o(i.FSMC_GetECC), (18 bytes).
    Removing stm32f10x_fsmc.o(i.FSMC_GetFlagStatus), (40 bytes).
    Removing stm32f10x_fsmc.o(i.FSMC_GetITStatus), (48 bytes).
    Removing stm32f10x_fsmc.o(i.FSMC_ITConfig), (72 bytes).
    Removing stm32f10x_fsmc.o(i.FSMC_NANDCmd), (56 bytes).
    Removing stm32f10x_fsmc.o(i.FSMC_NANDDeInit), (40 bytes).
    Removing stm32f10x_fsmc.o(i.FSMC_NANDECCCmd), (56 bytes).
    Removing stm32f10x_fsmc.o(i.FSMC_NANDInit), (104 bytes).
    Removing stm32f10x_fsmc.o(i.FSMC_NANDStructInit), (54 bytes).
    Removing stm32f10x_fsmc.o(i.FSMC_NORSRAMCmd), (32 bytes).
    Removing stm32f10x_fsmc.o(i.FSMC_NORSRAMDeInit), (38 bytes).
    Removing stm32f10x_fsmc.o(i.FSMC_NORSRAMInit), (196 bytes).
    Removing stm32f10x_fsmc.o(i.FSMC_NORSRAMStructInit), (96 bytes).
    Removing stm32f10x_fsmc.o(i.FSMC_PCCARDCmd), (32 bytes).
    Removing stm32f10x_fsmc.o(i.FSMC_PCCARDDeInit), (26 bytes).
    Removing stm32f10x_fsmc.o(i.FSMC_PCCARDInit), (102 bytes).
    Removing stm32f10x_fsmc.o(i.FSMC_PCCARDStructInit), (60 bytes).
    Removing stm32f10x_gpio.o(i.GPIO_AFIODeInit), (22 bytes).
    Removing stm32f10x_gpio.o(i.GPIO_DeInit), (180 bytes).
    Removing stm32f10x_gpio.o(i.GPIO_ETH_MediaInterfaceConfig), (12 bytes).
    Removing stm32f10x_gpio.o(i.GPIO_EXTILineConfig), (40 bytes).
    Removing stm32f10x_gpio.o(i.GPIO_EventOutputCmd), (12 bytes).
    Removing stm32f10x_gpio.o(i.GPIO_EventOutputConfig), (28 bytes).
    Removing stm32f10x_gpio.o(i.GPIO_PinLockConfig), (16 bytes).
    Removing stm32f10x_gpio.o(i.GPIO_PinRemapConfig), (88 bytes).
    Removing stm32f10x_gpio.o(i.GPIO_ReadInputData), (6 bytes).
    Removing stm32f10x_gpio.o(i.GPIO_ReadInputDataBit), (14 bytes).
    Removing stm32f10x_gpio.o(i.GPIO_ReadOutputData), (6 bytes).
    Removing stm32f10x_gpio.o(i.GPIO_ReadOutputDataBit), (14 bytes).
    Removing stm32f10x_gpio.o(i.GPIO_StructInit), (16 bytes).
    Removing stm32f10x_gpio.o(i.GPIO_Write), (4 bytes).
    Removing stm32f10x_gpio.o(i.GPIO_WriteBit), (10 bytes).
    Removing stm32f10x_i2c.o(i.I2C_ARPCmd), (20 bytes).
    Removing stm32f10x_i2c.o(i.I2C_AcknowledgeConfig), (20 bytes).
    Removing stm32f10x_i2c.o(i.I2C_CalculatePEC), (20 bytes).
    Removing stm32f10x_i2c.o(i.I2C_CheckEvent), (24 bytes).
    Removing stm32f10x_i2c.o(i.I2C_ClearFlag), (6 bytes).
    Removing stm32f10x_i2c.o(i.I2C_ClearITPendingBit), (6 bytes).
    Removing stm32f10x_i2c.o(i.I2C_Cmd), (20 bytes).
    Removing stm32f10x_i2c.o(i.I2C_DMACmd), (20 bytes).
    Removing stm32f10x_i2c.o(i.I2C_DMALastTransferCmd), (20 bytes).
    Removing stm32f10x_i2c.o(i.I2C_DeInit), (44 bytes).
    Removing stm32f10x_i2c.o(i.I2C_DualAddressCmd), (20 bytes).
    Removing stm32f10x_i2c.o(i.I2C_FastModeDutyCycleConfig), (22 bytes).
    Removing stm32f10x_i2c.o(i.I2C_GeneralCallCmd), (20 bytes).
    Removing stm32f10x_i2c.o(i.I2C_GenerateSTART), (20 bytes).
    Removing stm32f10x_i2c.o(i.I2C_GenerateSTOP), (20 bytes).
    Removing stm32f10x_i2c.o(i.I2C_GetFlagStatus), (42 bytes).
    Removing stm32f10x_i2c.o(i.I2C_GetITStatus), (36 bytes).
    Removing stm32f10x_i2c.o(i.I2C_GetLastEvent), (14 bytes).
    Removing stm32f10x_i2c.o(i.I2C_GetPEC), (6 bytes).
    Removing stm32f10x_i2c.o(i.I2C_ITConfig), (16 bytes).
    Removing stm32f10x_i2c.o(i.I2C_Init), (188 bytes).
    Removing stm32f10x_i2c.o(i.I2C_OwnAddress2Config), (16 bytes).
    Removing stm32f10x_i2c.o(i.I2C_PECPositionConfig), (22 bytes).
    Removing stm32f10x_i2c.o(i.I2C_ReadRegister), (10 bytes).
    Removing stm32f10x_i2c.o(i.I2C_ReceiveData), (6 bytes).
    Removing stm32f10x_i2c.o(i.I2C_SMBusAlertConfig), (22 bytes).
    Removing stm32f10x_i2c.o(i.I2C_Send7bitAddress), (16 bytes).
    Removing stm32f10x_i2c.o(i.I2C_SendData), (4 bytes).
    Removing stm32f10x_i2c.o(i.I2C_SoftwareResetCmd), (20 bytes).
    Removing stm32f10x_i2c.o(i.I2C_StretchClockCmd), (20 bytes).
    Removing stm32f10x_i2c.o(i.I2C_StructInit), (28 bytes).
    Removing stm32f10x_i2c.o(i.I2C_TransmitPEC), (20 bytes).
    Removing stm32f10x_iwdg.o(i.IWDG_Enable), (16 bytes).
    Removing stm32f10x_iwdg.o(i.IWDG_GetFlagStatus), (20 bytes).
    Removing stm32f10x_iwdg.o(i.IWDG_ReloadCounter), (16 bytes).
    Removing stm32f10x_iwdg.o(i.IWDG_SetPrescaler), (12 bytes).
    Removing stm32f10x_iwdg.o(i.IWDG_SetReload), (12 bytes).
    Removing stm32f10x_iwdg.o(i.IWDG_WriteAccessCmd), (12 bytes).
    Removing stm32f10x_pwr.o(i.PWR_BackupAccessCmd), (12 bytes).
    Removing stm32f10x_pwr.o(i.PWR_ClearFlag), (16 bytes).
    Removing stm32f10x_pwr.o(i.PWR_DeInit), (24 bytes).
    Removing stm32f10x_pwr.o(i.PWR_EnterSTANDBYMode), (40 bytes).
    Removing stm32f10x_pwr.o(i.PWR_EnterSTOPMode), (52 bytes).
    Removing stm32f10x_pwr.o(i.PWR_GetFlagStatus), (20 bytes).
    Removing stm32f10x_pwr.o(i.PWR_PVDCmd), (12 bytes).
    Removing stm32f10x_pwr.o(i.PWR_PVDLevelConfig), (20 bytes).
    Removing stm32f10x_pwr.o(i.PWR_WakeUpPinCmd), (12 bytes).
    Removing stm32f10x_rcc.o(i.RCC_ADCCLKConfig), (20 bytes).
    Removing stm32f10x_rcc.o(i.RCC_AHBPeriphClockCmd), (24 bytes).
    Removing stm32f10x_rcc.o(i.RCC_APB1PeriphResetCmd), (24 bytes).
    Removing stm32f10x_rcc.o(i.RCC_APB2PeriphResetCmd), (24 bytes).
    Removing stm32f10x_rcc.o(i.RCC_AdjustHSICalibrationValue), (20 bytes).
    Removing stm32f10x_rcc.o(i.RCC_BackupResetCmd), (12 bytes).
    Removing stm32f10x_rcc.o(i.RCC_ClearFlag), (16 bytes).
    Removing stm32f10x_rcc.o(i.RCC_ClearITPendingBit), (12 bytes).
    Removing stm32f10x_rcc.o(i.RCC_ClockSecuritySystemCmd), (12 bytes).
    Removing stm32f10x_rcc.o(i.RCC_DeInit), (64 bytes).
    Removing stm32f10x_rcc.o(i.RCC_GetFlagStatus), (48 bytes).
    Removing stm32f10x_rcc.o(i.RCC_GetITStatus), (20 bytes).
    Removing stm32f10x_rcc.o(i.RCC_GetSYSCLKSource), (16 bytes).
    Removing stm32f10x_rcc.o(i.RCC_HCLKConfig), (20 bytes).
    Removing stm32f10x_rcc.o(i.RCC_HSEConfig), (52 bytes).
    Removing stm32f10x_rcc.o(i.RCC_HSICmd), (12 bytes).
    Removing stm32f10x_rcc.o(i.RCC_ITConfig), (24 bytes).
    Removing stm32f10x_rcc.o(i.RCC_LSEConfig), (32 bytes).
    Removing stm32f10x_rcc.o(i.RCC_LSICmd), (12 bytes).
    Removing stm32f10x_rcc.o(i.RCC_MCOConfig), (12 bytes).
    Removing stm32f10x_rcc.o(i.RCC_PCLK1Config), (20 bytes).
    Removing stm32f10x_rcc.o(i.RCC_PCLK2Config), (20 bytes).
    Removing stm32f10x_rcc.o(i.RCC_PLLCmd), (12 bytes).
    Removing stm32f10x_rcc.o(i.RCC_PLLConfig), (20 bytes).
    Removing stm32f10x_rcc.o(i.RCC_RTCCLKCmd), (12 bytes).
    Removing stm32f10x_rcc.o(i.RCC_RTCCLKConfig), (16 bytes).
    Removing stm32f10x_rcc.o(i.RCC_SYSCLKConfig), (20 bytes).
    Removing stm32f10x_rcc.o(i.RCC_USBCLKConfig), (12 bytes).
    Removing stm32f10x_rcc.o(i.RCC_WaitForHSEStartUp), (44 bytes).
    Removing stm32f10x_rtc.o(i.RTC_ClearFlag), (16 bytes).
    Removing stm32f10x_rtc.o(i.RTC_ClearITPendingBit), (16 bytes).
    Removing stm32f10x_rtc.o(i.RTC_EnterConfigMode), (16 bytes).
    Removing stm32f10x_rtc.o(i.RTC_ExitConfigMode), (16 bytes).
    Removing stm32f10x_rtc.o(i.RTC_GetCounter), (20 bytes).
    Removing stm32f10x_rtc.o(i.RTC_GetDivider), (24 bytes).
    Removing stm32f10x_rtc.o(i.RTC_GetFlagStatus), (20 bytes).
    Removing stm32f10x_rtc.o(i.RTC_GetITStatus), (32 bytes).
    Removing stm32f10x_rtc.o(i.RTC_ITConfig), (24 bytes).
    Removing stm32f10x_rtc.o(i.RTC_SetAlarm), (32 bytes).
    Removing stm32f10x_rtc.o(i.RTC_SetCounter), (32 bytes).
    Removing stm32f10x_rtc.o(i.RTC_SetPrescaler), (32 bytes).
    Removing stm32f10x_rtc.o(i.RTC_WaitForLastTask), (16 bytes).
    Removing stm32f10x_rtc.o(i.RTC_WaitForSynchro), (24 bytes).
    Removing stm32f10x_sdio.o(i.SDIO_CEATAITCmd), (16 bytes).
    Removing stm32f10x_sdio.o(i.SDIO_ClearFlag), (12 bytes).
    Removing stm32f10x_sdio.o(i.SDIO_ClearITPendingBit), (12 bytes).
    Removing stm32f10x_sdio.o(i.SDIO_ClockCmd), (12 bytes).
    Removing stm32f10x_sdio.o(i.SDIO_CmdStructInit), (14 bytes).
    Removing stm32f10x_sdio.o(i.SDIO_CommandCompletionCmd), (12 bytes).
    Removing stm32f10x_sdio.o(i.SDIO_DMACmd), (12 bytes).
    Removing stm32f10x_sdio.o(i.SDIO_DataConfig), (44 bytes).
    Removing stm32f10x_sdio.o(i.SDIO_DataStructInit), (20 bytes).
    Removing stm32f10x_sdio.o(i.SDIO_DeInit), (36 bytes).
    Removing stm32f10x_sdio.o(i.SDIO_GetCommandResponse), (12 bytes).
    Removing stm32f10x_sdio.o(i.SDIO_GetDataCounter), (12 bytes).
    Removing stm32f10x_sdio.o(i.SDIO_GetFIFOCount), (12 bytes).
    Removing stm32f10x_sdio.o(i.SDIO_GetFlagStatus), (20 bytes).
    Removing stm32f10x_sdio.o(i.SDIO_GetITStatus), (20 bytes).
    Removing stm32f10x_sdio.o(i.SDIO_GetPowerState), (16 bytes).
    Removing stm32f10x_sdio.o(i.SDIO_GetResponse), (16 bytes).
    Removing stm32f10x_sdio.o(i.SDIO_ITConfig), (24 bytes).
    Removing stm32f10x_sdio.o(i.SDIO_Init), (44 bytes).
    Removing stm32f10x_sdio.o(i.SDIO_ReadData), (12 bytes).
    Removing stm32f10x_sdio.o(i.SDIO_SendCEATACmd), (12 bytes).
    Removing stm32f10x_sdio.o(i.SDIO_SendCommand), (40 bytes).
    Removing stm32f10x_sdio.o(i.SDIO_SendSDIOSuspendCmd), (12 bytes).
    Removing stm32f10x_sdio.o(i.SDIO_SetPowerState), (24 bytes).
    Removing stm32f10x_sdio.o(i.SDIO_SetSDIOOperation), (12 bytes).
    Removing stm32f10x_sdio.o(i.SDIO_SetSDIOReadWaitMode), (12 bytes).
    Removing stm32f10x_sdio.o(i.SDIO_StartSDIOReadWait), (12 bytes).
    Removing stm32f10x_sdio.o(i.SDIO_StopSDIOReadWait), (12 bytes).
    Removing stm32f10x_sdio.o(i.SDIO_StructInit), (16 bytes).
    Removing stm32f10x_sdio.o(i.SDIO_WriteData), (12 bytes).
    Removing stm32f10x_spi.o(i.I2S_Cmd), (20 bytes).
    Removing stm32f10x_spi.o(i.I2S_Init), (150 bytes).
    Removing stm32f10x_spi.o(i.I2S_StructInit), (18 bytes).
    Removing stm32f10x_spi.o(i.SPI_BiDirectionalLineConfig), (22 bytes).
    Removing stm32f10x_spi.o(i.SPI_CalculateCRC), (20 bytes).
    Removing stm32f10x_spi.o(i.SPI_Cmd), (20 bytes).
    Removing stm32f10x_spi.o(i.SPI_DataSizeConfig), (16 bytes).
    Removing stm32f10x_spi.o(i.SPI_GetCRC), (12 bytes).
    Removing stm32f10x_spi.o(i.SPI_GetCRCPolynomial), (4 bytes).
    Removing stm32f10x_spi.o(i.SPI_I2S_ClearFlag), (6 bytes).
    Removing stm32f10x_spi.o(i.SPI_I2S_ClearITPendingBit), (14 bytes).
    Removing stm32f10x_spi.o(i.SPI_I2S_DMACmd), (16 bytes).
    Removing stm32f10x_spi.o(i.SPI_I2S_DeInit), (84 bytes).
    Removing stm32f10x_spi.o(i.SPI_I2S_GetFlagStatus), (14 bytes).
    Removing stm32f10x_spi.o(i.SPI_I2S_GetITStatus), (44 bytes).
    Removing stm32f10x_spi.o(i.SPI_I2S_ITConfig), (24 bytes).
    Removing stm32f10x_spi.o(i.SPI_I2S_ReceiveData), (4 bytes).
    Removing stm32f10x_spi.o(i.SPI_I2S_SendData), (4 bytes).
    Removing stm32f10x_spi.o(i.SPI_Init), (56 bytes).
    Removing stm32f10x_spi.o(i.SPI_NSSInternalSoftwareConfig), (24 bytes).
    Removing stm32f10x_spi.o(i.SPI_SSOutputCmd), (20 bytes).
    Removing stm32f10x_spi.o(i.SPI_StructInit), (24 bytes).
    Removing stm32f10x_spi.o(i.SPI_TransmitCRC), (10 bytes).
    Removing stm32f10x_tim.o(i.TI1_Config), (46 bytes).
    Removing stm32f10x_tim.o(i.TI2_Config), (54 bytes).
    Removing stm32f10x_tim.o(i.TIM_ARRPreloadConfig), (20 bytes).
    Removing stm32f10x_tim.o(i.TIM_BDTRConfig), (34 bytes).
    Removing stm32f10x_tim.o(i.TIM_BDTRStructInit), (18 bytes).
    Removing stm32f10x_tim.o(i.TIM_CCPreloadControl), (20 bytes).
    Removing stm32f10x_tim.o(i.TIM_CCxCmd), (22 bytes).
    Removing stm32f10x_tim.o(i.TIM_CCxNCmd), (22 bytes).
    Removing stm32f10x_tim.o(i.TIM_ClearFlag), (6 bytes).
    Removing stm32f10x_tim.o(i.TIM_ClearOC1Ref), (12 bytes).
    Removing stm32f10x_tim.o(i.TIM_ClearOC2Ref), (20 bytes).
    Removing stm32f10x_tim.o(i.TIM_ClearOC3Ref), (12 bytes).
    Removing stm32f10x_tim.o(i.TIM_ClearOC4Ref), (20 bytes).
    Removing stm32f10x_tim.o(i.TIM_CounterModeConfig), (12 bytes).
    Removing stm32f10x_tim.o(i.TIM_CtrlPWMOutputs), (22 bytes).
    Removing stm32f10x_tim.o(i.TIM_DMACmd), (16 bytes).
    Removing stm32f10x_tim.o(i.TIM_DMAConfig), (8 bytes).
    Removing stm32f10x_tim.o(i.TIM_DeInit), (368 bytes).
    Removing stm32f10x_tim.o(i.TIM_ETRClockMode1Config), (18 bytes).
    Removing stm32f10x_tim.o(i.TIM_ETRClockMode2Config), (18 bytes).
    Removing stm32f10x_tim.o(i.TIM_ETRConfig), (24 bytes).
    Removing stm32f10x_tim.o(i.TIM_EncoderInterfaceConfig), (50 bytes).
    Removing stm32f10x_tim.o(i.TIM_ForcedOC1Config), (12 bytes).
    Removing stm32f10x_tim.o(i.TIM_ForcedOC2Config), (20 bytes).
    Removing stm32f10x_tim.o(i.TIM_ForcedOC3Config), (12 bytes).
    Removing stm32f10x_tim.o(i.TIM_ForcedOC4Config), (20 bytes).
    Removing stm32f10x_tim.o(i.TIM_GenerateEvent), (4 bytes).
    Removing stm32f10x_tim.o(i.TIM_GetCapture1), (4 bytes).
    Removing stm32f10x_tim.o(i.TIM_GetCapture2), (4 bytes).
    Removing stm32f10x_tim.o(i.TIM_GetCapture3), (4 bytes).
    Removing stm32f10x_tim.o(i.TIM_GetCapture4), (6 bytes).
    Removing stm32f10x_tim.o(i.TIM_GetCounter), (4 bytes).
    Removing stm32f10x_tim.o(i.TIM_GetFlagStatus), (14 bytes).
    Removing stm32f10x_tim.o(i.TIM_GetPrescaler), (4 bytes).
    Removing stm32f10x_tim.o(i.TIM_ICInit), (172 bytes).
    Removing stm32f10x_tim.o(i.TIM_ICStructInit), (16 bytes).
    Removing stm32f10x_tim.o(i.TIM_ITConfig), (16 bytes).
    Removing stm32f10x_tim.o(i.TIM_ITRxExternalClockConfig), (18 bytes).
    Removing stm32f10x_tim.o(i.TIM_InternalClockConfig), (10 bytes).
    Removing stm32f10x_tim.o(i.TIM_OC1FastConfig), (12 bytes).
    Removing stm32f10x_tim.o(i.TIM_OC1NPolarityConfig), (12 bytes).
    Removing stm32f10x_tim.o(i.TIM_OC1PolarityConfig), (12 bytes).
    Removing stm32f10x_tim.o(i.TIM_OC2FastConfig), (20 bytes).
    Removing stm32f10x_tim.o(i.TIM_OC2NPolarityConfig), (20 bytes).
    Removing stm32f10x_tim.o(i.TIM_OC2PolarityConfig), (20 bytes).
    Removing stm32f10x_tim.o(i.TIM_OC3FastConfig), (12 bytes).
    Removing stm32f10x_tim.o(i.TIM_OC3Init), (124 bytes).
    Removing stm32f10x_tim.o(i.TIM_OC3NPolarityConfig), (20 bytes).
    Removing stm32f10x_tim.o(i.TIM_OC3PolarityConfig), (20 bytes).
    Removing stm32f10x_tim.o(i.TIM_OC3PreloadConfig), (12 bytes).
    Removing stm32f10x_tim.o(i.TIM_OC4FastConfig), (20 bytes).
    Removing stm32f10x_tim.o(i.TIM_OC4Init), (100 bytes).
    Removing stm32f10x_tim.o(i.TIM_OC4PolarityConfig), (20 bytes).
    Removing stm32f10x_tim.o(i.TIM_OC4PreloadConfig), (20 bytes).
    Removing stm32f10x_tim.o(i.TIM_OCStructInit), (20 bytes).
    Removing stm32f10x_tim.o(i.TIM_PWMIConfig), (108 bytes).
    Removing stm32f10x_tim.o(i.TIM_PrescalerConfig), (6 bytes).
    Removing stm32f10x_tim.o(i.TIM_SelectCCDMA), (20 bytes).
    Removing stm32f10x_tim.o(i.TIM_SelectCOM), (20 bytes).
    Removing stm32f10x_tim.o(i.TIM_SelectHallSensor), (20 bytes).
    Removing stm32f10x_tim.o(i.TIM_SelectInputTrigger), (12 bytes).
    Removing stm32f10x_tim.o(i.TIM_SelectMasterSlaveMode), (16 bytes).
    Removing stm32f10x_tim.o(i.TIM_SelectOCxM), (70 bytes).
    Removing stm32f10x_tim.o(i.TIM_SelectOnePulseMode), (16 bytes).
    Removing stm32f10x_tim.o(i.TIM_SelectOutputTrigger), (16 bytes).
    Removing stm32f10x_tim.o(i.TIM_SelectSlaveMode), (16 bytes).
    Removing stm32f10x_tim.o(i.TIM_SetAutoreload), (4 bytes).
    Removing stm32f10x_tim.o(i.TIM_SetClockDivision), (16 bytes).
    Removing stm32f10x_tim.o(i.TIM_SetCompare3), (4 bytes).
    Removing stm32f10x_tim.o(i.TIM_SetCompare4), (6 bytes).
    Removing stm32f10x_tim.o(i.TIM_SetCounter), (4 bytes).
    Removing stm32f10x_tim.o(i.TIM_SetIC1Prescaler), (16 bytes).
    Removing stm32f10x_tim.o(i.TIM_SetIC2Prescaler), (24 bytes).
    Removing stm32f10x_tim.o(i.TIM_SetIC3Prescaler), (16 bytes).
    Removing stm32f10x_tim.o(i.TIM_SetIC4Prescaler), (24 bytes).
    Removing stm32f10x_tim.o(i.TIM_TIxExternalClockConfig), (46 bytes).
    Removing stm32f10x_tim.o(i.TIM_TimeBaseStructInit), (18 bytes).
    Removing stm32f10x_tim.o(i.TIM_UpdateDisableConfig), (20 bytes).
    Removing stm32f10x_tim.o(i.TIM_UpdateRequestConfig), (20 bytes).
    Removing stm32f10x_usart.o(i.USART_ClockInit), (30 bytes).
    Removing stm32f10x_usart.o(i.USART_ClockStructInit), (12 bytes).
    Removing stm32f10x_usart.o(i.USART_DMACmd), (16 bytes).
    Removing stm32f10x_usart.o(i.USART_DeInit), (116 bytes).
    Removing stm32f10x_usart.o(i.USART_HalfDuplexCmd), (20 bytes).
    Removing stm32f10x_usart.o(i.USART_IrDACmd), (20 bytes).
    Removing stm32f10x_usart.o(i.USART_IrDAConfig), (16 bytes).
    Removing stm32f10x_usart.o(i.USART_LINBreakDetectLengthConfig), (16 bytes).
    Removing stm32f10x_usart.o(i.USART_LINCmd), (20 bytes).
    Removing stm32f10x_usart.o(i.USART_OneBitMethodCmd), (20 bytes).
    Removing stm32f10x_usart.o(i.USART_OverSampling8Cmd), (20 bytes).
    Removing stm32f10x_usart.o(i.USART_ReceiverWakeUpCmd), (20 bytes).
    Removing stm32f10x_usart.o(i.USART_SendBreak), (10 bytes).
    Removing stm32f10x_usart.o(i.USART_SetAddress), (16 bytes).
    Removing stm32f10x_usart.o(i.USART_SetGuardTime), (16 bytes).
    Removing stm32f10x_usart.o(i.USART_SetPrescaler), (16 bytes).
    Removing stm32f10x_usart.o(i.USART_SmartCardCmd), (20 bytes).
    Removing stm32f10x_usart.o(i.USART_SmartCardNACKCmd), (20 bytes).
    Removing stm32f10x_usart.o(i.USART_StructInit), (22 bytes).
    Removing stm32f10x_usart.o(i.USART_WakeUpConfig), (16 bytes).
    Removing stm32f10x_wwdg.o(i.WWDG_ClearFlag), (12 bytes).
    Removing stm32f10x_wwdg.o(i.WWDG_DeInit), (24 bytes).
    Removing stm32f10x_wwdg.o(i.WWDG_Enable), (16 bytes).
    Removing stm32f10x_wwdg.o(i.WWDG_EnableIT), (16 bytes).
    Removing stm32f10x_wwdg.o(i.WWDG_GetFlagStatus), (12 bytes).
    Removing stm32f10x_wwdg.o(i.WWDG_SetCounter), (16 bytes).
    Removing stm32f10x_wwdg.o(i.WWDG_SetPrescaler), (20 bytes).
    Removing stm32f10x_wwdg.o(i.WWDG_SetWindowValue), (28 bytes).
    Removing core_cm3.o(.emb_text), (32 bytes).
    Removing system_stm32f10x.o(i.SystemCoreClockUpdate), (104 bytes).
    Removing esp8266.o(i.AutoLink), (232 bytes).
    Removing esp8266.o(i.ClearRecBuf), (12 bytes).
    Removing esp8266.o(i.WifiInitSmart), (144 bytes).
    Removing esp8266.o(i.delay), (20 bytes).
    Removing esp8266.o(i.eATCWSMARTSTART), (112 bytes).
    Removing esp8266.o(i.leaveAP), (52 bytes).
    Removing esp8266.o(i.millis), (12 bytes).
    Removing esp8266.o(i.rx_empty), (4 bytes).
    Removing esp8266.o(i.send), (100 bytes).
    Removing esp8266.o(i.smartLink), (4 bytes).
    Removing esp8266.o(i.stopSmartLink), (48 bytes).
    Removing esp8266.o(i.timer1msINT), (16 bytes).
    Removing irctrol.o(i.DelayIr), (20 bytes).
    Removing irctrol.o(i.DelayUs), (56 bytes).
    Removing irctrol.o(i.IRCtrolInit), (116 bytes).
    Removing irctrol.o(i.IRIntIsr), (264 bytes).
    Removing irctrol.o(i.Time3Init), (44 bytes).
    Removing irctrol.o(.data), (5 bytes).
    Removing serialportapi.o(i.SerialWrite), (12 bytes).
    Removing uart.o(i.PutNChar), (64 bytes).
    Removing uart.o(i.PutStr), (44 bytes).
    Removing lcd1602.o(i.LCD1602Init), (100 bytes).
    Removing lcd1602.o(i.LCD1602PortInit), (108 bytes).
    Removing lcd1602.o(i.LCD1602WriteCommand), (20 bytes).
    Removing lcd1602.o(i.LcdWriteCom), (100 bytes).
    Removing lcd1602.o(i.LcdWriteDate), (100 bytes).
    Removing lcd1602.o(.constdata), (21 bytes).
    Removing dadd.o(.text), (334 bytes).
    Removing dmul.o(.text), (228 bytes).
    Removing ddiv.o(.text), (222 bytes).
    Removing dfixul.o(.text), (48 bytes).
    Removing cdrcmple.o(.text), (48 bytes).
    Removing depilogue.o(.text), (186 bytes).

483 unused section(s) (total 16297 bytes) removed from the image.

==============================================================================

Image Symbol Table

    Local Symbols

    Symbol Name                              Value     Ov Type        Size  Object(Section)

    ../clib/microlib/ctype/ctype.c           0x00000000   Number         0  isalpha_o.o ABSOLUTE
    ../clib/microlib/ctype/ctype.c           0x00000000   Number         0  ispunct_o.o ABSOLUTE
    ../clib/microlib/ctype/ctype.c           0x00000000   Number         0  isprint_o.o ABSOLUTE
    ../clib/microlib/ctype/ctype.c           0x00000000   Number         0  islower_o.o ABSOLUTE
    ../clib/microlib/ctype/ctype.c           0x00000000   Number         0  isspace_o.o ABSOLUTE
    ../clib/microlib/ctype/ctype.c           0x00000000   Number         0  ctype_o.o ABSOLUTE
    ../clib/microlib/ctype/ctype.c           0x00000000   Number         0  isgraph_o.o ABSOLUTE
    ../clib/microlib/ctype/ctype.c           0x00000000   Number         0  isdigit_o.o ABSOLUTE
    ../clib/microlib/ctype/ctype.c           0x00000000   Number         0  iscntrl_o.o ABSOLUTE
    ../clib/microlib/ctype/ctype.c           0x00000000   Number         0  isblank_o.o ABSOLUTE
    ../clib/microlib/ctype/ctype.c           0x00000000   Number         0  isupper_o.o ABSOLUTE
    ../clib/microlib/ctype/ctype.c           0x00000000   Number         0  isxdigit_o.o ABSOLUTE
    ../clib/microlib/ctype/ctype.c           0x00000000   Number         0  isalnum_o.o ABSOLUTE
    ../clib/microlib/division.c              0x00000000   Number         0  uidiv.o ABSOLUTE
    ../clib/microlib/division.c              0x00000000   Number         0  uldiv.o ABSOLUTE
    ../clib/microlib/errno.c                 0x00000000   Number         0  errno.o ABSOLUTE
    ../clib/microlib/init/entry.s            0x00000000   Number         0  entry5.o ABSOLUTE
    ../clib/microlib/init/entry.s            0x00000000   Number         0  entry.o ABSOLUTE
    ../clib/microlib/init/entry.s            0x00000000   Number         0  entry9a.o ABSOLUTE
    ../clib/microlib/init/entry.s            0x00000000   Number         0  entry8b.o ABSOLUTE
    ../clib/microlib/init/entry.s            0x00000000   Number         0  entry9b.o ABSOLUTE
    ../clib/microlib/init/entry.s            0x00000000   Number         0  entry10a.o ABSOLUTE
    ../clib/microlib/init/entry.s            0x00000000   Number         0  entry8a.o ABSOLUTE
    ../clib/microlib/init/entry.s            0x00000000   Number         0  entry10b.o ABSOLUTE
    ../clib/microlib/init/entry.s            0x00000000   Number         0  entry11a.o ABSOLUTE
    ../clib/microlib/init/entry.s            0x00000000   Number         0  entry7b.o ABSOLUTE
    ../clib/microlib/init/entry.s            0x00000000   Number         0  entry11b.o ABSOLUTE
    ../clib/microlib/init/entry.s            0x00000000   Number         0  entry7a.o ABSOLUTE
    ../clib/microlib/init/entry.s            0x00000000   Number         0  entry2.o ABSOLUTE
    ../clib/microlib/longlong.c              0x00000000   Number         0  llshl.o ABSOLUTE
    ../clib/microlib/longlong.c              0x00000000   Number         0  llsshr.o ABSOLUTE
    ../clib/microlib/longlong.c              0x00000000   Number         0  llushr.o ABSOLUTE
    ../clib/microlib/malloc/malloc.c         0x00000000   Number         0  malloc.o ABSOLUTE
    ../clib/microlib/malloc/malloc.c         0x00000000   Number         0  mallocr.o ABSOLUTE
    ../clib/microlib/malloc/malloc.c         0x00000000   Number         0  mallocra.o ABSOLUTE
    ../clib/microlib/malloc/malloc.c         0x00000000   Number         0  malloca.o ABSOLUTE
    ../clib/microlib/malloc/mvars.c          0x00000000   Number         0  mvars.o ABSOLUTE
    ../clib/microlib/printf/printf.c         0x00000000   Number         0  printf3.o ABSOLUTE
    ../clib/microlib/printf/printf.c         0x00000000   Number         0  printf4.o ABSOLUTE
    ../clib/microlib/printf/printf.c         0x00000000   Number         0  printf5.o ABSOLUTE
    ../clib/microlib/printf/printf.c         0x00000000   Number         0  printfb.o ABSOLUTE
    ../clib/microlib/printf/printf.c         0x00000000   Number         0  printf6.o ABSOLUTE
    ../clib/microlib/printf/printf.c         0x00000000   Number         0  printf8.o ABSOLUTE
    ../clib/microlib/printf/printf.c         0x00000000   Number         0  printfa.o ABSOLUTE
    ../clib/microlib/printf/printf.c         0x00000000   Number         0  printf7.o ABSOLUTE
    ../clib/microlib/printf/printf.c         0x00000000   Number         0  printf2.o ABSOLUTE
    ../clib/microlib/printf/printf.c         0x00000000   Number         0  printf1.o ABSOLUTE
    ../clib/microlib/printf/printf.c         0x00000000   Number         0  printf0.o ABSOLUTE
    ../clib/microlib/printf/stubs.s          0x00000000   Number         0  stubs.o ABSOLUTE
    ../clib/microlib/stdio/fputc.c           0x00000000   Number         0  fputc.o ABSOLUTE
    ../clib/microlib/stdio/semi.s            0x00000000   Number         0  semi.o ABSOLUTE
    ../clib/microlib/stdio/streams.c         0x00000000   Number         0  stdout.o ABSOLUTE
    ../clib/microlib/string/memcpy.c         0x00000000   Number         0  memcpyb.o ABSOLUTE
    ../clib/microlib/string/memcpy.c         0x00000000   Number         0  memcpya.o ABSOLUTE
    ../clib/microlib/string/strchr.c         0x00000000   Number         0  strchr.o ABSOLUTE
    ../clib/microlib/string/strlen.c         0x00000000   Number         0  strlen.o ABSOLUTE
    ../clib/microlib/string/strncpy.c        0x00000000   Number         0  strncpy.o ABSOLUTE
    ../clib/microlib/string/strstr.c         0x00000000   Number         0  strstr.o ABSOLUTE
    ../clib/microlib/stubs.s                 0x00000000   Number         0  iusefp.o ABSOLUTE
    ../clib/microlib/stubs.s                 0x00000000   Number         0  iusesemip.o ABSOLUTE
    ../clib/scanf.c                          0x00000000   Number         0  _chval.o ABSOLUTE
    ../clib/scanf.c                          0x00000000   Number         0  strtol.o ABSOLUTE
    ../clib/scanf.c                          0x00000000   Number         0  atoi.o ABSOLUTE
    ../clib/scanf.c                          0x00000000   Number         0  _strtoul.o ABSOLUTE
    ../fplib/microlib/fpadd.c                0x00000000   Number         0  dadd.o ABSOLUTE
    ../fplib/microlib/fpdiv.c                0x00000000   Number         0  ddiv.o ABSOLUTE
    ../fplib/microlib/fpepilogue.c           0x00000000   Number         0  depilogue.o ABSOLUTE
    ../fplib/microlib/fpfix.c                0x00000000   Number         0  dfixul.o ABSOLUTE
    ../fplib/microlib/fpmul.c                0x00000000   Number         0  dmul.o ABSOLUTE
    CMSIS\\core_cm3.c                        0x00000000   Number         0  core_cm3.o ABSOLUTE
    CMSIS\core_cm3.c                         0x00000000   Number         0  core_cm3.o ABSOLUTE
    CMSIS\system_stm32f10x.c                 0x00000000   Number         0  system_stm32f10x.o ABSOLUTE
    ESP8266.c                                0x00000000   Number         0  esp8266.o ABSOLUTE
    IRCtrol.c                                0x00000000   Number         0  irctrol.o ABSOLUTE
    LCD1602.c                                0x00000000   Number         0  lcd1602.o ABSOLUTE
    StdPeriph_Driver\src\misc.c              0x00000000   Number         0  misc.o ABSOLUTE
    StdPeriph_Driver\src\stm32f10x_adc.c     0x00000000   Number         0  stm32f10x_adc.o ABSOLUTE
    StdPeriph_Driver\src\stm32f10x_bkp.c     0x00000000   Number         0  stm32f10x_bkp.o ABSOLUTE
    StdPeriph_Driver\src\stm32f10x_can.c     0x00000000   Number         0  stm32f10x_can.o ABSOLUTE
    StdPeriph_Driver\src\stm32f10x_cec.c     0x00000000   Number         0  stm32f10x_cec.o ABSOLUTE
    StdPeriph_Driver\src\stm32f10x_crc.c     0x00000000   Number         0  stm32f10x_crc.o ABSOLUTE
    StdPeriph_Driver\src\stm32f10x_dac.c     0x00000000   Number         0  stm32f10x_dac.o ABSOLUTE
    StdPeriph_Driver\src\stm32f10x_dbgmcu.c  0x00000000   Number         0  stm32f10x_dbgmcu.o ABSOLUTE
    StdPeriph_Driver\src\stm32f10x_dma.c     0x00000000   Number         0  stm32f10x_dma.o ABSOLUTE
    StdPeriph_Driver\src\stm32f10x_exti.c    0x00000000   Number         0  stm32f10x_exti.o ABSOLUTE
    StdPeriph_Driver\src\stm32f10x_flash.c   0x00000000   Number         0  stm32f10x_flash.o ABSOLUTE
    StdPeriph_Driver\src\stm32f10x_fsmc.c    0x00000000   Number         0  stm32f10x_fsmc.o ABSOLUTE
    StdPeriph_Driver\src\stm32f10x_gpio.c    0x00000000   Number         0  stm32f10x_gpio.o ABSOLUTE
    StdPeriph_Driver\src\stm32f10x_i2c.c     0x00000000   Number         0  stm32f10x_i2c.o ABSOLUTE
    StdPeriph_Driver\src\stm32f10x_iwdg.c    0x00000000   Number         0  stm32f10x_iwdg.o ABSOLUTE
    StdPeriph_Driver\src\stm32f10x_pwr.c     0x00000000   Number         0  stm32f10x_pwr.o ABSOLUTE
    StdPeriph_Driver\src\stm32f10x_rcc.c     0x00000000   Number         0  stm32f10x_rcc.o ABSOLUTE
    StdPeriph_Driver\src\stm32f10x_rtc.c     0x00000000   Number         0  stm32f10x_rtc.o ABSOLUTE
    StdPeriph_Driver\src\stm32f10x_sdio.c    0x00000000   Number         0  stm32f10x_sdio.o ABSOLUTE
    StdPeriph_Driver\src\stm32f10x_spi.c     0x00000000   Number         0  stm32f10x_spi.o ABSOLUTE
    StdPeriph_Driver\src\stm32f10x_tim.c     0x00000000   Number         0  stm32f10x_tim.o ABSOLUTE
    StdPeriph_Driver\src\stm32f10x_usart.c   0x00000000   Number         0  stm32f10x_usart.o ABSOLUTE
    StdPeriph_Driver\src\stm32f10x_wwdg.c    0x00000000   Number         0  stm32f10x_wwdg.o ABSOLUTE
    cdrcmple.s                               0x00000000   Number         0  cdrcmple.o ABSOLUTE
    dc.s                                     0x00000000   Number         0  dc.o ABSOLUTE
    delay.c                                  0x00000000   Number         0  delay.o ABSOLUTE
    handlers.s                               0x00000000   Number         0  handlers.o ABSOLUTE
    init.s                                   0x00000000   Number         0  init.o ABSOLUTE
    interface.c                              0x00000000   Number         0  interface.o ABSOLUTE
    main.c                                   0x00000000   Number         0  main.o ABSOLUTE
    motor.c                                  0x00000000   Number         0  motor.o ABSOLUTE
    serialportAPI.c                          0x00000000   Number         0  serialportapi.o ABSOLUTE
    startup_stm32f10x_hd.s                   0x00000000   Number         0  startup_stm32f10x_hd.o ABSOLUTE
    stm32f10x_it.c                           0x00000000   Number         0  stm32f10x_it.o ABSOLUTE
    stringAPIext.c                           0x00000000   Number         0  stringapiext.o ABSOLUTE
    uart.c                                   0x00000000   Number         0  uart.o ABSOLUTE
    RESET                                    0x08000000   Section      304  startup_stm32f10x_hd.o(RESET)
    .ARM.Collect$$$$00000000                 0x08000130   Section        0  entry.o(.ARM.Collect$$$$00000000)
    .ARM.Collect$$$$00000001                 0x08000130   Section        4  entry2.o(.ARM.Collect$$$$00000001)
    .ARM.Collect$$$$00000004                 0x08000134   Section        4  entry5.o(.ARM.Collect$$$$00000004)
    .ARM.Collect$$$$00000008                 0x08000138   Section        0  entry7b.o(.ARM.Collect$$$$00000008)
    .ARM.Collect$$$$0000000A                 0x08000138   Section        0  entry8b.o(.ARM.Collect$$$$0000000A)
    .ARM.Collect$$$$0000000B                 0x08000138   Section        8  entry9a.o(.ARM.Collect$$$$0000000B)
    .ARM.Collect$$$$0000000D                 0x08000140   Section        0  entry10a.o(.ARM.Collect$$$$0000000D)
    .ARM.Collect$$$$0000000F                 0x08000140   Section        0  entry11a.o(.ARM.Collect$$$$0000000F)
    .ARM.Collect$$$$00002712                 0x08000140   Section        4  entry2.o(.ARM.Collect$$$$00002712)
    __lit__00000000                          0x08000140   Data           4  entry2.o(.ARM.Collect$$$$00002712)
    .text                                    0x08000144   Section       36  startup_stm32f10x_hd.o(.text)
    .text                                    0x08000168   Section        0  strstr.o(.text)
    .text                                    0x0800018c   Section        0  strncpy.o(.text)
    .text                                    0x080001a4   Section        0  strchr.o(.text)
    .text                                    0x080001b8   Section        0  strlen.o(.text)
    .text                                    0x080001c6   Section        0  atoi.o(.text)
    .text                                    0x080001e0   Section        0  uidiv.o(.text)
    .text                                    0x0800020c   Section        0  strtol.o(.text)
    .text                                    0x0800027c   Section       36  init.o(.text)
    .text                                    0x080002a0   Section        0  ctype_o.o(.text)
    .text                                    0x080002a8   Section        0  _strtoul.o(.text)
    .text                                    0x08000346   Section        0  _chval.o(.text)
    i.BusFault_Handler                       0x08000362   Section        0  stm32f10x_it.o(i.BusFault_Handler)
    i.CarBack                                0x08000364   Section        0  motor.o(i.CarBack)
    i.CarGo                                  0x08000394   Section        0  motor.o(i.CarGo)
    i.CarLeft                                0x080003c4   Section        0  motor.o(i.CarLeft)
    i.CarRight                               0x080003f4   Section        0  motor.o(i.CarRight)
    i.CarStop                                0x08000424   Section        0  motor.o(i.CarStop)
    i.ClearRxBuf                             0x08000460   Section        0  serialportapi.o(i.ClearRxBuf)
    i.DebugMon_Handler                       0x08000470   Section        0  stm32f10x_it.o(i.DebugMon_Handler)
    i.GPIOCLKInit                            0x08000472   Section        0  interface.o(i.GPIOCLKInit)
    i.GPIO_Init                              0x080004b0   Section        0  stm32f10x_gpio.o(i.GPIO_Init)
    i.GPIO_ResetBits                         0x0800054c   Section        0  stm32f10x_gpio.o(i.GPIO_ResetBits)
    i.GPIO_SetBits                           0x08000550   Section        0  stm32f10x_gpio.o(i.GPIO_SetBits)
    i.HardFault_Handler                      0x08000554   Section        0  stm32f10x_it.o(i.HardFault_Handler)
    i.MemManage_Handler                      0x08000556   Section        0  stm32f10x_it.o(i.MemManage_Handler)
    i.MotorInit                              0x08000558   Section        0  motor.o(i.MotorInit)
    i.NMI_Handler                            0x080005c4   Section        0  stm32f10x_it.o(i.NMI_Handler)
    i.NVIC_Init                              0x080005c8   Section        0  misc.o(i.NVIC_Init)
    i.NVIC_PriorityGroupConfig               0x0800062c   Section        0  misc.o(i.NVIC_PriorityGroupConfig)
    i.PendSV_Handler                         0x08000640   Section        0  stm32f10x_it.o(i.PendSV_Handler)
    i.PutChar                                0x08000644   Section        0  uart.o(i.PutChar)
    i.PutDbgStrln                            0x08000664   Section        0  uart.o(i.PutDbgStrln)
    i.RCC_APB1PeriphClockCmd                 0x080006b8   Section        0  stm32f10x_rcc.o(i.RCC_APB1PeriphClockCmd)
    i.RCC_APB2PeriphClockCmd                 0x080006d0   Section        0  stm32f10x_rcc.o(i.RCC_APB2PeriphClockCmd)
    i.RCC_GetClocksFreq                      0x080006e8   Section        0  stm32f10x_rcc.o(i.RCC_GetClocksFreq)
    i.SVC_Handler                            0x0800077c   Section        0  stm32f10x_it.o(i.SVC_Handler)
    i.SerialAvailable                        0x08000780   Section        0  serialportapi.o(i.SerialAvailable)
    i.SerialInt                              0x0800079c   Section        0  serialportapi.o(i.SerialInt)
    i.SerialPrint                            0x080007dc   Section        0  serialportapi.o(i.SerialPrint)
    i.SerialPrintln                          0x08000824   Section        0  serialportapi.o(i.SerialPrintln)
    i.SerialRead                             0x08000840   Section        0  serialportapi.o(i.SerialRead)
    i.SetBaud                                0x08000874   Section        0  esp8266.o(i.SetBaud)
    i.SetSysClockTo72                        0x080008bc   Section        0  system_stm32f10x.o(i.SetSysClockTo72)
    SetSysClockTo72                          0x080008bd   Thumb Code   160  system_stm32f10x.o(i.SetSysClockTo72)
    i.StringAddchar                          0x08000964   Section        0  stringapiext.o(i.StringAddchar)
    i.StringIndex                            0x08000978   Section        0  stringapiext.o(i.StringIndex)
    i.StringIndexCharOffset                  0x0800098c   Section        0  stringapiext.o(i.StringIndexCharOffset)
    i.StringLenth                            0x080009b6   Section        0  stringapiext.o(i.StringLenth)
    i.StringSubstring                        0x080009ba   Section        0  stringapiext.o(i.StringSubstring)
    i.SysTick_CLKSourceConfig                0x080009f6   Section        0  misc.o(i.SysTick_CLKSourceConfig)
    i.SysTick_Handler                        0x08000a0e   Section        0  stm32f10x_it.o(i.SysTick_Handler)
    i.SystemInit                             0x08000a10   Section        0  system_stm32f10x.o(i.SystemInit)
    i.TIM2_IRQHandler                        0x08000a50   Section        0  interface.o(i.TIM2_IRQHandler)
    i.TIM3_IRQHandler                        0x08000a70   Section        0  interface.o(i.TIM3_IRQHandler)
    i.TIM3_PWM_Init                          0x08000a94   Section        0  interface.o(i.TIM3_PWM_Init)
    i.TIM_ClearITPendingBit                  0x08000b50   Section        0  stm32f10x_tim.o(i.TIM_ClearITPendingBit)
    i.TIM_Cmd                                0x08000b56   Section        0  stm32f10x_tim.o(i.TIM_Cmd)
    i.TIM_GetITStatus                        0x08000b6a   Section        0  stm32f10x_tim.o(i.TIM_GetITStatus)
    i.TIM_OC1Init                            0x08000b84   Section        0  stm32f10x_tim.o(i.TIM_OC1Init)
    i.TIM_OC1PreloadConfig                   0x08000c04   Section        0  stm32f10x_tim.o(i.TIM_OC1PreloadConfig)
    i.TIM_OC2Init                            0x08000c10   Section        0  stm32f10x_tim.o(i.TIM_OC2Init)
    i.TIM_OC2PreloadConfig                   0x08000c90   Section        0  stm32f10x_tim.o(i.TIM_OC2PreloadConfig)
    i.TIM_SetCompare1                        0x08000ca4   Section        0  stm32f10x_tim.o(i.TIM_SetCompare1)
    i.TIM_SetCompare2                        0x08000ca8   Section        0  stm32f10x_tim.o(i.TIM_SetCompare2)
    i.TIM_TimeBaseInit                       0x08000cac   Section        0  stm32f10x_tim.o(i.TIM_TimeBaseInit)
    i.USART1Conf                             0x08000d48   Section        0  uart.o(i.USART1Conf)
    i.USART3Conf                             0x08000dcc   Section        0  uart.o(i.USART3Conf)
    i.USART3_IRQHandler                      0x08000e84   Section        0  stm32f10x_it.o(i.USART3_IRQHandler)
    i.USART_ClearFlag                        0x08000eb8   Section        0  stm32f10x_usart.o(i.USART_ClearFlag)
    i.USART_ClearITPendingBit                0x08000ebe   Section        0  stm32f10x_usart.o(i.USART_ClearITPendingBit)
    i.USART_Cmd                              0x08000eca   Section        0  stm32f10x_usart.o(i.USART_Cmd)
    i.USART_GetFlagStatus                    0x08000ede   Section        0  stm32f10x_usart.o(i.USART_GetFlagStatus)
    i.USART_GetITStatus                      0x08000eec   Section        0  stm32f10x_usart.o(i.USART_GetITStatus)
    i.USART_ITConfig                         0x08000f2a   Section        0  stm32f10x_usart.o(i.USART_ITConfig)
    i.USART_Init                             0x08000f5c   Section        0  stm32f10x_usart.o(i.USART_Init)
    i.USART_ReceiveData                      0x08001008   Section        0  stm32f10x_usart.o(i.USART_ReceiveData)
    i.USART_SendData                         0x08001010   Section        0  stm32f10x_usart.o(i.USART_SendData)
    i.UartBegin                              0x08001018   Section        0  serialportapi.o(i.UartBegin)
    i.UsageFault_Handler                     0x08001024   Section        0  stm32f10x_it.o(i.UsageFault_Handler)
    i.UserLEDInit                            0x08001028   Section        0  interface.o(i.UserLEDInit)
    i.WifiInit                               0x0800107c   Section        0  esp8266.o(i.WifiInit)
    i.__0sprintf$1                           0x08001198   Section        0  printf1.o(i.__0sprintf$1)
    i.__aeabi_errno_addr                     0x080011c0   Section        0  errno.o(i.__aeabi_errno_addr)
    i.__scatterload_copy                     0x080011c8   Section       14  handlers.o(i.__scatterload_copy)
    i.__scatterload_null                     0x080011d6   Section        2  handlers.o(i.__scatterload_null)
    i.__scatterload_zeroinit                 0x080011d8   Section       14  handlers.o(i.__scatterload_zeroinit)
    i._printf_core                           0x080011e8   Section        0  printf1.o(i._printf_core)
    _printf_core                             0x080011e9   Thumb Code   336  printf1.o(i._printf_core)
    i._sputc                                 0x0800133c   Section        0  printf1.o(i._sputc)
    _sputc                                   0x0800133d   Thumb Code    10  printf1.o(i._sputc)
    i.createTCP                              0x08001348   Section        0  esp8266.o(i.createTCP)
    i.delay_init                             0x08001358   Section        0  delay.o(i.delay_init)
    i.delay_ms                               0x08001394   Section        0  delay.o(i.delay_ms)
    i.disableMUX                             0x080013c8   Section        0  esp8266.o(i.disableMUX)
    i.free                                   0x0800142c   Section        0  malloc.o(i.free)
    i.getSystemStatus                        0x0800147c   Section        0  esp8266.o(i.getSystemStatus)
    i.joinAP                                 0x080014f0   Section        0  esp8266.o(i.joinAP)
    i.main                                   0x080014f4   Section        0  main.o(i.main)
    i.malloc                                 0x08001670   Section        0  malloc.o(i.malloc)
    i.recv                                   0x080016dc   Section        0  esp8266.o(i.recv)
    i.recvFind                               0x080016ec   Section        0  esp8266.o(i.recvFind)
    recvFind                                 0x080016ed   Thumb Code    36  esp8266.o(i.recvFind)
    i.recvFindAndFilter                      0x08001714   Section        0  esp8266.o(i.recvFindAndFilter)
    recvFindAndFilter                        0x08001715   Thumb Code    98  esp8266.o(i.recvFindAndFilter)
    i.recvPkg                                0x0800177c   Section        0  esp8266.o(i.recvPkg)
    recvPkg                                  0x0800177d   Thumb Code   280  esp8266.o(i.recvPkg)
    i.recvString                             0x080018a4   Section        0  esp8266.o(i.recvString)
    recvString                               0x080018a5   Thumb Code    64  esp8266.o(i.recvString)
    i.recvString2                            0x080018e8   Section        0  esp8266.o(i.recvString2)
    recvString2                              0x080018e9   Thumb Code    78  esp8266.o(i.recvString2)
    i.restart                                0x0800193c   Section        0  esp8266.o(i.restart)
    i.sATCIPSTARTSingle                      0x080019a4   Section        0  esp8266.o(i.sATCIPSTARTSingle)
    sATCIPSTARTSingle                        0x080019a5   Thumb Code   188  esp8266.o(i.sATCIPSTARTSingle)
    i.sATCWJAP                               0x08001a9c   Section        0  esp8266.o(i.sATCWJAP)
    sATCWJAP                                 0x08001a9d   Thumb Code    86  esp8266.o(i.sATCWJAP)
    i.sATCWMODE                              0x08001b18   Section        0  esp8266.o(i.sATCWMODE)
    sATCWMODE                                0x08001b19   Thumb Code    74  esp8266.o(i.sATCWMODE)
    i.setOprToStationSoftAP                  0x08001b84   Section        0  esp8266.o(i.setOprToStationSoftAP)
    .constdata                               0x08001bf4   Section      129  ctype_o.o(.constdata)
    .constdata                               0x08001c78   Section        4  ctype_o.o(.constdata)
    table                                    0x08001c78   Data           4  ctype_o.o(.constdata)
    .data                                    0x20000000   Section        8  main.o(.data)
    .data                                    0x20000008   Section        4  delay.o(.data)
    fac_us                                   0x20000008   Data           1  delay.o(.data)
    fac_ms                                   0x2000000a   Data           2  delay.o(.data)
    .data                                    0x2000000c   Section       20  stm32f10x_rcc.o(.data)
    ADCPrescTable                            0x2000000c   Data           4  stm32f10x_rcc.o(.data)
    APBAHBPrescTable                         0x20000010   Data          16  stm32f10x_rcc.o(.data)
    .data                                    0x20000020   Section       20  system_stm32f10x.o(.data)
    .data                                    0x20000034   Section        4  esp8266.o(.data)
    .data                                    0x20000038   Section       12  serialportapi.o(.data)
    _receive_buffer_tail                     0x20000038   Data           1  serialportapi.o(.data)
    _receive_buffer_head                     0x20000039   Data           1  serialportapi.o(.data)
    UartInit                                 0x2000003c   Data           4  serialportapi.o(.data)
    UartSend                                 0x20000040   Data           4  serialportapi.o(.data)
    .data                                    0x20000044   Section        4  mvars.o(.data)
    .data                                    0x20000048   Section        4  mvars.o(.data)
    .data                                    0x2000004c   Section        4  errno.o(.data)
    _errno                                   0x2000004c   Data           4  errno.o(.data)
    .bss                                     0x20000050   Section       16  main.o(.bss)
    .bss                                     0x20000060   Section       96  esp8266.o(.bss)
    .bss                                     0x200000c0   Section       96  serialportapi.o(.bss)
    _receive_buffer                          0x200000c0   Data          96  serialportapi.o(.bss)
    HEAP                                     0x20000120   Section      512  startup_stm32f10x_hd.o(HEAP)
    STACK                                    0x20000320   Section     1024  startup_stm32f10x_hd.o(STACK)

    Global Symbols

    Symbol Name                              Value     Ov Type        Size  Object(Section)

    BuildAttributes$$THM_ISAv4$P$D$K$B$S$PE$A:L22UL41UL21$X:L11$S22US41US21$IEEE1$IW$USESV6$~STKCKD$USESV7$~SHL$OSPACE$ROPI$EBA8$MICROLIB$REQ8$PRES8$EABIv2 0x00000000   Number         0  anon$$obj.o ABSOLUTE
    __ARM_use_no_argv                        0x00000000   Number         0  main.o ABSOLUTE
    _printf_a                                0x00000000   Number         0  stubs.o ABSOLUTE
    _printf_c                                0x00000000   Number         0  stubs.o ABSOLUTE
    _printf_charcount                        0x00000000   Number         0  stubs.o ABSOLUTE
    _printf_d                                0x00000000   Number         0  stubs.o ABSOLUTE
    _printf_e                                0x00000000   Number         0  stubs.o ABSOLUTE
    _printf_f                                0x00000000   Number         0  stubs.o ABSOLUTE
    _printf_flags                            0x00000000   Number         0  stubs.o ABSOLUTE
    _printf_fp_dec                           0x00000000   Number         0  stubs.o ABSOLUTE
    _printf_fp_hex                           0x00000000   Number         0  stubs.o ABSOLUTE
    _printf_g                                0x00000000   Number         0  stubs.o ABSOLUTE
    _printf_i                                0x00000000   Number         0  stubs.o ABSOLUTE
    _printf_int_dec                          0x00000000   Number         0  stubs.o ABSOLUTE
    _printf_l                                0x00000000   Number         0  stubs.o ABSOLUTE
    _printf_lc                               0x00000000   Number         0  stubs.o ABSOLUTE
    _printf_ll                               0x00000000   Number         0  stubs.o ABSOLUTE
    _printf_lld                              0x00000000   Number         0  stubs.o ABSOLUTE
    _printf_lli                              0x00000000   Number         0  stubs.o ABSOLUTE
    _printf_llo                              0x00000000   Number         0  stubs.o ABSOLUTE
    _printf_llu                              0x00000000   Number         0  stubs.o ABSOLUTE
    _printf_llx                              0x00000000   Number         0  stubs.o ABSOLUTE
    _printf_longlong_dec                     0x00000000   Number         0  stubs.o ABSOLUTE
    _printf_longlong_hex                     0x00000000   Number         0  stubs.o ABSOLUTE
    _printf_longlong_oct                     0x00000000   Number         0  stubs.o ABSOLUTE
    _printf_ls                               0x00000000   Number         0  stubs.o ABSOLUTE
    _printf_mbtowc                           0x00000000   Number         0  stubs.o ABSOLUTE
    _printf_n                                0x00000000   Number         0  stubs.o ABSOLUTE
    _printf_o                                0x00000000   Number         0  stubs.o ABSOLUTE
    _printf_p                                0x00000000   Number         0  stubs.o ABSOLUTE
    _printf_percent                          0x00000000   Number         0  stubs.o ABSOLUTE
    _printf_pre_padding                      0x00000000   Number         0  stubs.o ABSOLUTE
    _printf_return_value                     0x00000000   Number         0  stubs.o ABSOLUTE
    _printf_s                                0x00000000   Number         0  stubs.o ABSOLUTE
    _printf_sizespec                         0x00000000   Number         0  stubs.o ABSOLUTE
    _printf_str                              0x00000000   Number         0  stubs.o ABSOLUTE
    _printf_truncate_signed                  0x00000000   Number         0  stubs.o ABSOLUTE
    _printf_truncate_unsigned                0x00000000   Number         0  stubs.o ABSOLUTE
    _printf_u                                0x00000000   Number         0  stubs.o ABSOLUTE
    _printf_wc                               0x00000000   Number         0  stubs.o ABSOLUTE
    _printf_wctomb                           0x00000000   Number         0  stubs.o ABSOLUTE
    _printf_widthprec                        0x00000000   Number         0  stubs.o ABSOLUTE
    _printf_x                                0x00000000   Number         0  stubs.o ABSOLUTE
    __cpp_initialize__aeabi_                  - Undefined Weak Reference
    __cxa_finalize                            - Undefined Weak Reference
    __decompress                              - Undefined Weak Reference
    _clock_init                               - Undefined Weak Reference
    _microlib_exit                            - Undefined Weak Reference
    __Vectors_Size                           0x00000130   Number         0  startup_stm32f10x_hd.o ABSOLUTE
    __Vectors                                0x08000000   Data           4  startup_stm32f10x_hd.o(RESET)
    __Vectors_End                            0x08000130   Data           0  startup_stm32f10x_hd.o(RESET)
    __main                                   0x08000131   Thumb Code     0  entry.o(.ARM.Collect$$$$00000000)
    _main_stk                                0x08000131   Thumb Code     0  entry2.o(.ARM.Collect$$$$00000001)
    _main_scatterload                        0x08000135   Thumb Code     0  entry5.o(.ARM.Collect$$$$00000004)
    __main_after_scatterload                 0x08000139   Thumb Code     0  entry5.o(.ARM.Collect$$$$00000004)
    _main_clock                              0x08000139   Thumb Code     0  entry7b.o(.ARM.Collect$$$$00000008)
    _main_cpp_init                           0x08000139   Thumb Code     0  entry8b.o(.ARM.Collect$$$$0000000A)
    _main_init                               0x08000139   Thumb Code     0  entry9a.o(.ARM.Collect$$$$0000000B)
    __rt_final_cpp                           0x08000141   Thumb Code     0  entry10a.o(.ARM.Collect$$$$0000000D)
    __rt_final_exit                          0x08000141   Thumb Code     0  entry11a.o(.ARM.Collect$$$$0000000F)
    Reset_Handler                            0x08000145   Thumb Code     8  startup_stm32f10x_hd.o(.text)
    ADC1_2_IRQHandler                        0x0800015f   Thumb Code     0  startup_stm32f10x_hd.o(.text)
    ADC3_IRQHandler                          0x0800015f   Thumb Code     0  startup_stm32f10x_hd.o(.text)
    CAN1_RX1_IRQHandler                      0x0800015f   Thumb Code     0  startup_stm32f10x_hd.o(.text)
    CAN1_SCE_IRQHandler                      0x0800015f   Thumb Code     0  startup_stm32f10x_hd.o(.text)
    DMA1_Channel1_IRQHandler                 0x0800015f   Thumb Code     0  startup_stm32f10x_hd.o(.text)
    DMA1_Channel2_IRQHandler                 0x0800015f   Thumb Code     0  startup_stm32f10x_hd.o(.text)
    DMA1_Channel3_IRQHandler                 0x0800015f   Thumb Code     0  startup_stm32f10x_hd.o(.text)
    DMA1_Channel4_IRQHandler                 0x0800015f   Thumb Code     0  startup_stm32f10x_hd.o(.text)
    DMA1_Channel5_IRQHandler                 0x0800015f   Thumb Code     0  startup_stm32f10x_hd.o(.text)
    DMA1_Channel6_IRQHandler                 0x0800015f   Thumb Code     0  startup_stm32f10x_hd.o(.text)
    DMA1_Channel7_IRQHandler                 0x0800015f   Thumb Code     0  startup_stm32f10x_hd.o(.text)
    DMA2_Channel1_IRQHandler                 0x0800015f   Thumb Code     0  startup_stm32f10x_hd.o(.text)
    DMA2_Channel2_IRQHandler                 0x0800015f   Thumb Code     0  startup_stm32f10x_hd.o(.text)
    DMA2_Channel3_IRQHandler                 0x0800015f   Thumb Code     0  startup_stm32f10x_hd.o(.text)
    DMA2_Channel4_5_IRQHandler               0x0800015f   Thumb Code     0  startup_stm32f10x_hd.o(.text)
    EXTI0_IRQHandler                         0x0800015f   Thumb Code     0  startup_stm32f10x_hd.o(.text)
    EXTI15_10_IRQHandler                     0x0800015f   Thumb Code     0  startup_stm32f10x_hd.o(.text)
    EXTI1_IRQHandler                         0x0800015f   Thumb Code     0  startup_stm32f10x_hd.o(.text)
    EXTI2_IRQHandler                         0x0800015f   Thumb Code     0  startup_stm32f10x_hd.o(.text)
    EXTI3_IRQHandler                         0x0800015f   Thumb Code     0  startup_stm32f10x_hd.o(.text)
    EXTI4_IRQHandler                         0x0800015f   Thumb Code     0  startup_stm32f10x_hd.o(.text)
    EXTI9_5_IRQHandler                       0x0800015f   Thumb Code     0  startup_stm32f10x_hd.o(.text)
    FLASH_IRQHandler                         0x0800015f   Thumb Code     0  startup_stm32f10x_hd.o(.text)
    FSMC_IRQHandler                          0x0800015f   Thumb Code     0  startup_stm32f10x_hd.o(.text)
    I2C1_ER_IRQHandler                       0x0800015f   Thumb Code     0  startup_stm32f10x_hd.o(.text)
    I2C1_EV_IRQHandler                       0x0800015f   Thumb Code     0  startup_stm32f10x_hd.o(.text)
    I2C2_ER_IRQHandler                       0x0800015f   Thumb Code     0  startup_stm32f10x_hd.o(.text)
    I2C2_EV_IRQHandler                       0x0800015f   Thumb Code     0  startup_stm32f10x_hd.o(.text)
    PVD_IRQHandler                           0x0800015f   Thumb Code     0  startup_stm32f10x_hd.o(.text)
    RCC_IRQHandler                           0x0800015f   Thumb Code     0  startup_stm32f10x_hd.o(.text)
    RTCAlarm_IRQHandler                      0x0800015f   Thumb Code     0  startup_stm32f10x_hd.o(.text)
    RTC_IRQHandler                           0x0800015f   Thumb Code     0  startup_stm32f10x_hd.o(.text)
    SDIO_IRQHandler                          0x0800015f   Thumb Code     0  startup_stm32f10x_hd.o(.text)
    SPI1_IRQHandler                          0x0800015f   Thumb Code     0  startup_stm32f10x_hd.o(.text)
    SPI2_IRQHandler                          0x0800015f   Thumb Code     0  startup_stm32f10x_hd.o(.text)
    SPI3_IRQHandler                          0x0800015f   Thumb Code     0  startup_stm32f10x_hd.o(.text)
    TAMPER_IRQHandler                        0x0800015f   Thumb Code     0  startup_stm32f10x_hd.o(.text)
    TIM1_BRK_IRQHandler                      0x0800015f   Thumb Code     0  startup_stm32f10x_hd.o(.text)
    TIM1_CC_IRQHandler                       0x0800015f   Thumb Code     0  startup_stm32f10x_hd.o(.text)
    TIM1_TRG_COM_IRQHandler                  0x0800015f   Thumb Code     0  startup_stm32f10x_hd.o(.text)
    TIM1_UP_IRQHandler                       0x0800015f   Thumb Code     0  startup_stm32f10x_hd.o(.text)
    TIM4_IRQHandler                          0x0800015f   Thumb Code     0  startup_stm32f10x_hd.o(.text)
    TIM5_IRQHandler                          0x0800015f   Thumb Code     0  startup_stm32f10x_hd.o(.text)
    TIM6_IRQHandler                          0x0800015f   Thumb Code     0  startup_stm32f10x_hd.o(.text)
    TIM7_IRQHandler                          0x0800015f   Thumb Code     0  startup_stm32f10x_hd.o(.text)
    TIM8_BRK_IRQHandler                      0x0800015f   Thumb Code     0  startup_stm32f10x_hd.o(.text)
    TIM8_CC_IRQHandler                       0x0800015f   Thumb Code     0  startup_stm32f10x_hd.o(.text)
    TIM8_TRG_COM_IRQHandler                  0x0800015f   Thumb Code     0  startup_stm32f10x_hd.o(.text)
    TIM8_UP_IRQHandler                       0x0800015f   Thumb Code     0  startup_stm32f10x_hd.o(.text)
    UART4_IRQHandler                         0x0800015f   Thumb Code     0  startup_stm32f10x_hd.o(.text)
    UART5_IRQHandler                         0x0800015f   Thumb Code     0  startup_stm32f10x_hd.o(.text)
    USART1_IRQHandler                        0x0800015f   Thumb Code     0  startup_stm32f10x_hd.o(.text)
    USART2_IRQHandler                        0x0800015f   Thumb Code     0  startup_stm32f10x_hd.o(.text)
    USBWakeUp_IRQHandler                     0x0800015f   Thumb Code     0  startup_stm32f10x_hd.o(.text)
    USB_HP_CAN1_TX_IRQHandler                0x0800015f   Thumb Code     0  startup_stm32f10x_hd.o(.text)
    USB_LP_CAN1_RX0_IRQHandler               0x0800015f   Thumb Code     0  startup_stm32f10x_hd.o(.text)
    WWDG_IRQHandler                          0x0800015f   Thumb Code     0  startup_stm32f10x_hd.o(.text)
    strstr                                   0x08000169   Thumb Code    36  strstr.o(.text)
    strncpy                                  0x0800018d   Thumb Code    24  strncpy.o(.text)
    strchr                                   0x080001a5   Thumb Code    20  strchr.o(.text)
    strlen                                   0x080001b9   Thumb Code    14  strlen.o(.text)
    atoi                                     0x080001c7   Thumb Code    26  atoi.o(.text)
    __aeabi_uidiv                            0x080001e1   Thumb Code     0  uidiv.o(.text)
    __aeabi_uidivmod                         0x080001e1   Thumb Code    44  uidiv.o(.text)
    strtol                                   0x0800020d   Thumb Code   112  strtol.o(.text)
    __scatterload                            0x0800027d   Thumb Code    28  init.o(.text)
    __scatterload_rt2                        0x0800027d   Thumb Code     0  init.o(.text)
    __rt_ctype_table                         0x080002a1   Thumb Code     4  ctype_o.o(.text)
    _strtoul                                 0x080002a9   Thumb Code   158  _strtoul.o(.text)
    _chval                                   0x08000347   Thumb Code    28  _chval.o(.text)
    BusFault_Handler                         0x08000363   Thumb Code     2  stm32f10x_it.o(i.BusFault_Handler)
    CarBack                                  0x08000365   Thumb Code    38  motor.o(i.CarBack)
    CarGo                                    0x08000395   Thumb Code    38  motor.o(i.CarGo)
    CarLeft                                  0x080003c5   Thumb Code    40  motor.o(i.CarLeft)
    CarRight                                 0x080003f5   Thumb Code    40  motor.o(i.CarRight)
    CarStop                                  0x08000425   Thumb Code    50  motor.o(i.CarStop)
    ClearRxBuf                               0x08000461   Thumb Code    12  serialportapi.o(i.ClearRxBuf)
    DebugMon_Handler                         0x08000471   Thumb Code     2  stm32f10x_it.o(i.DebugMon_Handler)
    GPIOCLKInit                              0x08000473   Thumb Code    62  interface.o(i.GPIOCLKInit)
    GPIO_Init                                0x080004b1   Thumb Code   156  stm32f10x_gpio.o(i.GPIO_Init)
    GPIO_ResetBits                           0x0800054d   Thumb Code     4  stm32f10x_gpio.o(i.GPIO_ResetBits)
    GPIO_SetBits                             0x08000551   Thumb Code     4  stm32f10x_gpio.o(i.GPIO_SetBits)
    HardFault_Handler                        0x08000555   Thumb Code     2  stm32f10x_it.o(i.HardFault_Handler)
    MemManage_Handler                        0x08000557   Thumb Code     2  stm32f10x_it.o(i.MemManage_Handler)
    MotorInit                                0x08000559   Thumb Code   100  motor.o(i.MotorInit)
    NMI_Handler                              0x080005c5   Thumb Code     2  stm32f10x_it.o(i.NMI_Handler)
    NVIC_Init                                0x080005c9   Thumb Code    94  misc.o(i.NVIC_Init)
    NVIC_PriorityGroupConfig                 0x0800062d   Thumb Code    10  misc.o(i.NVIC_PriorityGroupConfig)
    PendSV_Handler                           0x08000641   Thumb Code     2  stm32f10x_it.o(i.PendSV_Handler)
    PutChar                                  0x08000645   Thumb Code    26  uart.o(i.PutChar)
    PutDbgStrln                              0x08000665   Thumb Code    80  uart.o(i.PutDbgStrln)
    RCC_APB1PeriphClockCmd                   0x080006b9   Thumb Code    18  stm32f10x_rcc.o(i.RCC_APB1PeriphClockCmd)
    RCC_APB2PeriphClockCmd                   0x080006d1   Thumb Code    18  stm32f10x_rcc.o(i.RCC_APB2PeriphClockCmd)
    RCC_GetClocksFreq                        0x080006e9   Thumb Code   132  stm32f10x_rcc.o(i.RCC_GetClocksFreq)
    SVC_Handler                              0x0800077d   Thumb Code     2  stm32f10x_it.o(i.SVC_Handler)
    SerialAvailable                          0x08000781   Thumb Code    22  serialportapi.o(i.SerialAvailable)
    SerialInt                                0x0800079d   Thumb Code    54  serialportapi.o(i.SerialInt)
    SerialPrint                              0x080007dd   Thumb Code    62  serialportapi.o(i.SerialPrint)
    SerialPrintln                            0x08000825   Thumb Code    24  serialportapi.o(i.SerialPrintln)
    SerialRead                               0x08000841   Thumb Code    42  serialportapi.o(i.SerialRead)
    SetBaud                                  0x08000875   Thumb Code    42  esp8266.o(i.SetBaud)
    StringAddchar                            0x08000965   Thumb Code    20  stringapiext.o(i.StringAddchar)
    StringIndex                              0x08000979   Thumb Code    20  stringapiext.o(i.StringIndex)
    StringIndexCharOffset                    0x0800098d   Thumb Code    42  stringapiext.o(i.StringIndexCharOffset)
    StringLenth                              0x080009b7   Thumb Code     4  stringapiext.o(i.StringLenth)
    StringSubstring                          0x080009bb   Thumb Code    60  stringapiext.o(i.StringSubstring)
    SysTick_CLKSourceConfig                  0x080009f7   Thumb Code    24  misc.o(i.SysTick_CLKSourceConfig)
    SysTick_Handler                          0x08000a0f   Thumb Code     2  stm32f10x_it.o(i.SysTick_Handler)
    SystemInit                               0x08000a11   Thumb Code    52  system_stm32f10x.o(i.SystemInit)
    TIM2_IRQHandler                          0x08000a51   Thumb Code    30  interface.o(i.TIM2_IRQHandler)
    TIM3_IRQHandler                          0x08000a71   Thumb Code    30  interface.o(i.TIM3_IRQHandler)
    TIM3_PWM_Init                            0x08000a95   Thumb Code   178  interface.o(i.TIM3_PWM_Init)
    TIM_ClearITPendingBit                    0x08000b51   Thumb Code     6  stm32f10x_tim.o(i.TIM_ClearITPendingBit)
    TIM_Cmd                                  0x08000b57   Thumb Code    20  stm32f10x_tim.o(i.TIM_Cmd)
    TIM_GetITStatus                          0x08000b6b   Thumb Code    24  stm32f10x_tim.o(i.TIM_GetITStatus)
    TIM_OC1Init                              0x08000b85   Thumb Code   106  stm32f10x_tim.o(i.TIM_OC1Init)
    TIM_OC1PreloadConfig                     0x08000c05   Thumb Code    12  stm32f10x_tim.o(i.TIM_OC1PreloadConfig)
    TIM_OC2Init                              0x08000c11   Thumb Code   120  stm32f10x_tim.o(i.TIM_OC2Init)
    TIM_OC2PreloadConfig                     0x08000c91   Thumb Code    20  stm32f10x_tim.o(i.TIM_OC2PreloadConfig)
    TIM_SetCompare1                          0x08000ca5   Thumb Code     4  stm32f10x_tim.o(i.TIM_SetCompare1)
    TIM_SetCompare2                          0x08000ca9   Thumb Code     4  stm32f10x_tim.o(i.TIM_SetCompare2)
    TIM_TimeBaseInit                         0x08000cad   Thumb Code   114  stm32f10x_tim.o(i.TIM_TimeBaseInit)
    USART1Conf                               0x08000d49   Thumb Code   122  uart.o(i.USART1Conf)
    USART3Conf                               0x08000dcd   Thumb Code   174  uart.o(i.USART3Conf)
    USART3_IRQHandler                        0x08000e85   Thumb Code    46  stm32f10x_it.o(i.USART3_IRQHandler)
    USART_ClearFlag                          0x08000eb9   Thumb Code     6  stm32f10x_usart.o(i.USART_ClearFlag)
    USART_ClearITPendingBit                  0x08000ebf   Thumb Code    12  stm32f10x_usart.o(i.USART_ClearITPendingBit)
    USART_Cmd                                0x08000ecb   Thumb Code    20  stm32f10x_usart.o(i.USART_Cmd)
    USART_GetFlagStatus                      0x08000edf   Thumb Code    14  stm32f10x_usart.o(i.USART_GetFlagStatus)
    USART_GetITStatus                        0x08000eed   Thumb Code    62  stm32f10x_usart.o(i.USART_GetITStatus)
    USART_ITConfig                           0x08000f2b   Thumb Code    48  stm32f10x_usart.o(i.USART_ITConfig)
    USART_Init                               0x08000f5d   Thumb Code   166  stm32f10x_usart.o(i.USART_Init)
    USART_ReceiveData                        0x08001009   Thumb Code     8  stm32f10x_usart.o(i.USART_ReceiveData)
    USART_SendData                           0x08001011   Thumb Code     8  stm32f10x_usart.o(i.USART_SendData)
    UartBegin                                0x08001019   Thumb Code     8  serialportapi.o(i.UartBegin)
    UsageFault_Handler                       0x08001025   Thumb Code     2  stm32f10x_it.o(i.UsageFault_Handler)
    UserLEDInit                              0x08001029   Thumb Code    78  interface.o(i.UserLEDInit)
    WifiInit                                 0x0800107d   Thumb Code   162  esp8266.o(i.WifiInit)
    __0sprintf$1                             0x08001199   Thumb Code    34  printf1.o(i.__0sprintf$1)
    __1sprintf$1                             0x08001199   Thumb Code     0  printf1.o(i.__0sprintf$1)
    __2sprintf                               0x08001199   Thumb Code     0  printf1.o(i.__0sprintf$1)
    __aeabi_errno_addr                       0x080011c1   Thumb Code     4  errno.o(i.__aeabi_errno_addr)
    __rt_errno_addr                          0x080011c1   Thumb Code     0  errno.o(i.__aeabi_errno_addr)
    __scatterload_copy                       0x080011c9   Thumb Code    14  handlers.o(i.__scatterload_copy)
    __scatterload_null                       0x080011d7   Thumb Code     2  handlers.o(i.__scatterload_null)
    __scatterload_zeroinit                   0x080011d9   Thumb Code    14  handlers.o(i.__scatterload_zeroinit)
    createTCP                                0x08001349   Thumb Code    10  esp8266.o(i.createTCP)
    delay_init                               0x08001359   Thumb Code    46  delay.o(i.delay_init)
    delay_ms                                 0x08001395   Thumb Code    46  delay.o(i.delay_ms)
    disableMUX                               0x080013c9   Thumb Code    62  esp8266.o(i.disableMUX)
    free                                     0x0800142d   Thumb Code    76  malloc.o(i.free)
    getSystemStatus                          0x0800147d   Thumb Code    76  esp8266.o(i.getSystemStatus)
    joinAP                                   0x080014f1   Thumb Code     4  esp8266.o(i.joinAP)
    main                                     0x080014f5   Thumb Code   252  main.o(i.main)
    malloc                                   0x08001671   Thumb Code    92  malloc.o(i.malloc)
    recv                                     0x080016dd   Thumb Code    16  esp8266.o(i.recv)
    restart                                  0x0800193d   Thumb Code    72  esp8266.o(i.restart)
    setOprToStationSoftAP                    0x08001b85   Thumb Code    80  esp8266.o(i.setOprToStationSoftAP)
    __ctype_table                            0x08001bf4   Data         129  ctype_o.o(.constdata)
    Region$$Table$$Base                      0x08001c7c   Number         0  anon$$obj.o(Region$$Table)
    Region$$Table$$Limit                     0x08001c9c   Number         0  anon$$obj.o(Region$$Table)
    ctrl_comm                                0x20000000   Data           1  main.o(.data)
    continue_time                            0x20000001   Data           1  main.o(.data)
    wifi_rec_flag                            0x20000002   Data           1  main.o(.data)
    tick_3s                                  0x20000004   Data           4  main.o(.data)
    SystemCoreClock                          0x20000020   Data           4  system_stm32f10x.o(.data)
    AHBPrescTable                            0x20000024   Data          16  system_stm32f10x.o(.data)
    sys_tick                                 0x20000034   Data           4  esp8266.o(.data)
    _buffer_overflow                         0x2000003a   Data           1  serialportapi.o(.data)
    __microlib_freelist                      0x20000044   Data           4  mvars.o(.data)
    __microlib_freelist_initialised          0x20000048   Data           4  mvars.o(.data)
    buffer                                   0x20000050   Data          16  main.o(.bss)
    data_rec                                 0x20000060   Data          96  esp8266.o(.bss)
    __heap_base                              0x20000120   Data           0  startup_stm32f10x_hd.o(HEAP)
    __heap_limit                             0x20000320   Data           0  startup_stm32f10x_hd.o(HEAP)
    __initial_sp                             0x20000720   Data           0  startup_stm32f10x_hd.o(STACK)



==============================================================================

Memory Map of the image

  Image Entry point : 0x08000131

  Load Region LR_IROM1 (Base: 0x08000000, Size: 0x00001cec, Max: 0x00080000, ABSOLUTE)

    Execution Region ER_IROM1 (Exec base: 0x08000000, Load base: 0x08000000, Size: 0x00001c9c, Max: 0x00080000, ABSOLUTE)

    Exec Addr    Load Addr    Size         Type   Attr      Idx    E Section Name        Object

    0x08000000   0x08000000   0x00000130   Data   RO         3199    RESET               startup_stm32f10x_hd.o
    0x08000130   0x08000130   0x00000000   Code   RO         3719  * .ARM.Collect$$$$00000000  mc_w.l(entry.o)
    0x08000130   0x08000130   0x00000004   Code   RO         4021    .ARM.Collect$$$$00000001  mc_w.l(entry2.o)
    0x08000134   0x08000134   0x00000004   Code   RO         4024    .ARM.Collect$$$$00000004  mc_w.l(entry5.o)
    0x08000138   0x08000138   0x00000000   Code   RO         4026    .ARM.Collect$$$$00000008  mc_w.l(entry7b.o)
    0x08000138   0x08000138   0x00000000   Code   RO         4028    .ARM.Collect$$$$0000000A  mc_w.l(entry8b.o)
    0x08000138   0x08000138   0x00000008   Code   RO         4029    .ARM.Collect$$$$0000000B  mc_w.l(entry9a.o)
    0x08000140   0x08000140   0x00000000   Code   RO         4031    .ARM.Collect$$$$0000000D  mc_w.l(entry10a.o)
    0x08000140   0x08000140   0x00000000   Code   RO         4033    .ARM.Collect$$$$0000000F  mc_w.l(entry11a.o)
    0x08000140   0x08000140   0x00000004   Code   RO         4022    .ARM.Collect$$$$00002712  mc_w.l(entry2.o)
    0x08000144   0x08000144   0x00000024   Code   RO         3200    .text               startup_stm32f10x_hd.o
    0x08000168   0x08000168   0x00000024   Code   RO         3722    .text               mc_w.l(strstr.o)
    0x0800018c   0x0800018c   0x00000018   Code   RO         3724    .text               mc_w.l(strncpy.o)
    0x080001a4   0x080001a4   0x00000014   Code   RO         3726    .text               mc_w.l(strchr.o)
    0x080001b8   0x080001b8   0x0000000e   Code   RO         3728    .text               mc_w.l(strlen.o)
    0x080001c6   0x080001c6   0x0000001a   Code   RO         4019    .text               mc_w.l(atoi.o)
    0x080001e0   0x080001e0   0x0000002c   Code   RO         4038    .text               mc_w.l(uidiv.o)
    0x0800020c   0x0800020c   0x00000070   Code   RO         4055    .text               mc_w.l(strtol.o)
    0x0800027c   0x0800027c   0x00000024   Code   RO         4068    .text               mc_w.l(init.o)
    0x080002a0   0x080002a0   0x00000008   Code   RO         4077    .text               mc_w.l(ctype_o.o)
    0x080002a8   0x080002a8   0x0000009e   Code   RO         4105    .text               mc_w.l(_strtoul.o)
    0x08000346   0x08000346   0x0000001c   Code   RO         4110    .text               mc_w.l(_chval.o)
    0x08000362   0x08000362   0x00000002   Code   RO         3611    i.BusFault_Handler  stm32f10x_it.o
    0x08000364   0x08000364   0x00000030   Code   RO         3420    i.CarBack           motor.o
    0x08000394   0x08000394   0x00000030   Code   RO         3421    i.CarGo             motor.o
    0x080003c4   0x080003c4   0x00000030   Code   RO         3422    i.CarLeft           motor.o
    0x080003f4   0x080003f4   0x00000030   Code   RO         3423    i.CarRight          motor.o
    0x08000424   0x08000424   0x0000003c   Code   RO         3424    i.CarStop           motor.o
    0x08000460   0x08000460   0x00000010   Code   RO         3462    i.ClearRxBuf        serialportapi.o
    0x08000470   0x08000470   0x00000002   Code   RO         3612    i.DebugMon_Handler  stm32f10x_it.o
    0x08000472   0x08000472   0x0000003e   Code   RO          102    i.GPIOCLKInit       interface.o
    0x080004b0   0x080004b0   0x0000009c   Code   RO         1329    i.GPIO_Init         stm32f10x_gpio.o
    0x0800054c   0x0800054c   0x00000004   Code   RO         1336    i.GPIO_ResetBits    stm32f10x_gpio.o
    0x08000550   0x08000550   0x00000004   Code   RO         1337    i.GPIO_SetBits      stm32f10x_gpio.o
    0x08000554   0x08000554   0x00000002   Code   RO         3613    i.HardFault_Handler  stm32f10x_it.o
    0x08000556   0x08000556   0x00000002   Code   RO         3614    i.MemManage_Handler  stm32f10x_it.o
    0x08000558   0x08000558   0x0000006c   Code   RO         3425    i.MotorInit         motor.o
    0x080005c4   0x080005c4   0x00000002   Code   RO         3615    i.NMI_Handler       stm32f10x_it.o
    0x080005c6   0x080005c6   0x00000002   PAD
    0x080005c8   0x080005c8   0x00000064   Code   RO          192    i.NVIC_Init         misc.o
    0x0800062c   0x0800062c   0x00000014   Code   RO          193    i.NVIC_PriorityGroupConfig  misc.o
    0x08000640   0x08000640   0x00000002   Code   RO         3616    i.PendSV_Handler    stm32f10x_it.o
    0x08000642   0x08000642   0x00000002   PAD
    0x08000644   0x08000644   0x00000020   Code   RO         3569    i.PutChar           uart.o
    0x08000664   0x08000664   0x00000054   Code   RO         3570    i.PutDbgStrln       uart.o
    0x080006b8   0x080006b8   0x00000018   Code   RO         1748    i.RCC_APB1PeriphClockCmd  stm32f10x_rcc.o
    0x080006d0   0x080006d0   0x00000018   Code   RO         1750    i.RCC_APB2PeriphClockCmd  stm32f10x_rcc.o
    0x080006e8   0x080006e8   0x00000094   Code   RO         1758    i.RCC_GetClocksFreq  stm32f10x_rcc.o
    0x0800077c   0x0800077c   0x00000002   Code   RO         3617    i.SVC_Handler       stm32f10x_it.o
    0x0800077e   0x0800077e   0x00000002   PAD
    0x08000780   0x08000780   0x0000001c   Code   RO         3463    i.SerialAvailable   serialportapi.o
    0x0800079c   0x0800079c   0x00000040   Code   RO         3464    i.SerialInt         serialportapi.o
    0x080007dc   0x080007dc   0x00000048   Code   RO         3465    i.SerialPrint       serialportapi.o
    0x08000824   0x08000824   0x0000001c   Code   RO         3466    i.SerialPrintln     serialportapi.o
    0x08000840   0x08000840   0x00000034   Code   RO         3467    i.SerialRead        serialportapi.o
    0x08000874   0x08000874   0x00000048   Code   RO         3206    i.SetBaud           esp8266.o
    0x080008bc   0x080008bc   0x000000a8   Code   RO         3155    i.SetSysClockTo72   system_stm32f10x.o
    0x08000964   0x08000964   0x00000014   Code   RO         3527    i.StringAddchar     stringapiext.o
    0x08000978   0x08000978   0x00000014   Code   RO         3528    i.StringIndex       stringapiext.o
    0x0800098c   0x0800098c   0x0000002a   Code   RO         3529    i.StringIndexCharOffset  stringapiext.o
    0x080009b6   0x080009b6   0x00000004   Code   RO         3530    i.StringLenth       stringapiext.o
    0x080009ba   0x080009ba   0x0000003c   Code   RO         3531    i.StringSubstring   stringapiext.o
    0x080009f6   0x080009f6   0x00000018   Code   RO          196    i.SysTick_CLKSourceConfig  misc.o
    0x08000a0e   0x08000a0e   0x00000002   Code   RO         3618    i.SysTick_Handler   stm32f10x_it.o
    0x08000a10   0x08000a10   0x00000040   Code   RO         3157    i.SystemInit        system_stm32f10x.o
    0x08000a50   0x08000a50   0x0000001e   Code   RO          105    i.TIM2_IRQHandler   interface.o
    0x08000a6e   0x08000a6e   0x00000002   PAD
    0x08000a70   0x08000a70   0x00000024   Code   RO          107    i.TIM3_IRQHandler   interface.o
    0x08000a94   0x08000a94   0x000000bc   Code   RO          109    i.TIM3_PWM_Init     interface.o
    0x08000b50   0x08000b50   0x00000006   Code   RO         2383    i.TIM_ClearITPendingBit  stm32f10x_tim.o
    0x08000b56   0x08000b56   0x00000014   Code   RO         2388    i.TIM_Cmd           stm32f10x_tim.o
    0x08000b6a   0x08000b6a   0x00000018   Code   RO         2409    i.TIM_GetITStatus   stm32f10x_tim.o
    0x08000b82   0x08000b82   0x00000002   PAD
    0x08000b84   0x08000b84   0x00000080   Code   RO         2417    i.TIM_OC1Init       stm32f10x_tim.o
    0x08000c04   0x08000c04   0x0000000c   Code   RO         2420    i.TIM_OC1PreloadConfig  stm32f10x_tim.o
    0x08000c10   0x08000c10   0x00000080   Code   RO         2422    i.TIM_OC2Init       stm32f10x_tim.o
    0x08000c90   0x08000c90   0x00000014   Code   RO         2425    i.TIM_OC2PreloadConfig  stm32f10x_tim.o
    0x08000ca4   0x08000ca4   0x00000004   Code   RO         2449    i.TIM_SetCompare1   stm32f10x_tim.o
    0x08000ca8   0x08000ca8   0x00000004   Code   RO         2450    i.TIM_SetCompare2   stm32f10x_tim.o
    0x08000cac   0x08000cac   0x0000009c   Code   RO         2459    i.TIM_TimeBaseInit  stm32f10x_tim.o
    0x08000d48   0x08000d48   0x00000084   Code   RO         3573    i.USART1Conf        uart.o
    0x08000dcc   0x08000dcc   0x000000b8   Code   RO         3574    i.USART3Conf        uart.o
    0x08000e84   0x08000e84   0x00000034   Code   RO         3619    i.USART3_IRQHandler  stm32f10x_it.o
    0x08000eb8   0x08000eb8   0x00000006   Code   RO         2907    i.USART_ClearFlag   stm32f10x_usart.o
    0x08000ebe   0x08000ebe   0x0000000c   Code   RO         2908    i.USART_ClearITPendingBit  stm32f10x_usart.o
    0x08000eca   0x08000eca   0x00000014   Code   RO         2911    i.USART_Cmd         stm32f10x_usart.o
    0x08000ede   0x08000ede   0x0000000e   Code   RO         2914    i.USART_GetFlagStatus  stm32f10x_usart.o
    0x08000eec   0x08000eec   0x0000003e   Code   RO         2915    i.USART_GetITStatus  stm32f10x_usart.o
    0x08000f2a   0x08000f2a   0x00000030   Code   RO         2917    i.USART_ITConfig    stm32f10x_usart.o
    0x08000f5a   0x08000f5a   0x00000002   PAD
    0x08000f5c   0x08000f5c   0x000000ac   Code   RO         2918    i.USART_Init        stm32f10x_usart.o
    0x08001008   0x08001008   0x00000008   Code   RO         2925    i.USART_ReceiveData  stm32f10x_usart.o
    0x08001010   0x08001010   0x00000008   Code   RO         2928    i.USART_SendData    stm32f10x_usart.o
    0x08001018   0x08001018   0x0000000c   Code   RO         3469    i.UartBegin         serialportapi.o
    0x08001024   0x08001024   0x00000002   Code   RO         3620    i.UsageFault_Handler  stm32f10x_it.o
    0x08001026   0x08001026   0x00000002   PAD
    0x08001028   0x08001028   0x00000054   Code   RO          110    i.UserLEDInit       interface.o
    0x0800107c   0x0800107c   0x0000011c   Code   RO         3207    i.WifiInit          esp8266.o
    0x08001198   0x08001198   0x00000028   Code   RO         3777    i.__0sprintf$1      mc_w.l(printf1.o)
    0x080011c0   0x080011c0   0x00000008   Code   RO         4048    i.__aeabi_errno_addr  mc_w.l(errno.o)
    0x080011c8   0x080011c8   0x0000000e   Code   RO         4114    i.__scatterload_copy  mc_w.l(handlers.o)
    0x080011d6   0x080011d6   0x00000002   Code   RO         4115    i.__scatterload_null  mc_w.l(handlers.o)
    0x080011d8   0x080011d8   0x0000000e   Code   RO         4116    i.__scatterload_zeroinit  mc_w.l(handlers.o)
    0x080011e6   0x080011e6   0x00000002   PAD
    0x080011e8   0x080011e8   0x00000154   Code   RO         3782    i._printf_core      mc_w.l(printf1.o)
    0x0800133c   0x0800133c   0x0000000a   Code   RO         3784    i._sputc            mc_w.l(printf1.o)
    0x08001346   0x08001346   0x00000002   PAD
    0x08001348   0x08001348   0x00000010   Code   RO         3209    i.createTCP         esp8266.o
    0x08001358   0x08001358   0x0000003c   Code   RO          166    i.delay_init        delay.o
    0x08001394   0x08001394   0x00000034   Code   RO          167    i.delay_ms          delay.o
    0x080013c8   0x080013c8   0x00000064   Code   RO         3211    i.disableMUX        esp8266.o
    0x0800142c   0x0800142c   0x00000050   Code   RO         3991    i.free              mc_w.l(malloc.o)
    0x0800147c   0x0800147c   0x00000074   Code   RO         3213    i.getSystemStatus   esp8266.o
    0x080014f0   0x080014f0   0x00000004   Code   RO         3214    i.joinAP            esp8266.o
    0x080014f4   0x080014f4   0x0000017c   Code   RO            1    i.main              main.o
    0x08001670   0x08001670   0x0000006c   Code   RO         3992    i.malloc            mc_w.l(malloc.o)
    0x080016dc   0x080016dc   0x00000010   Code   RO         3217    i.recv              esp8266.o
    0x080016ec   0x080016ec   0x00000028   Code   RO         3218    i.recvFind          esp8266.o
    0x08001714   0x08001714   0x00000068   Code   RO         3219    i.recvFindAndFilter  esp8266.o
    0x0800177c   0x0800177c   0x00000128   Code   RO         3220    i.recvPkg           esp8266.o
    0x080018a4   0x080018a4   0x00000044   Code   RO         3221    i.recvString        esp8266.o
    0x080018e8   0x080018e8   0x00000054   Code   RO         3222    i.recvString2       esp8266.o
    0x0800193c   0x0800193c   0x00000068   Code   RO         3223    i.restart           esp8266.o
    0x080019a4   0x080019a4   0x000000f8   Code   RO         3225    i.sATCIPSTARTSingle  esp8266.o
    0x08001a9c   0x08001a9c   0x0000007c   Code   RO         3226    i.sATCWJAP          esp8266.o
    0x08001b18   0x08001b18   0x0000006c   Code   RO         3227    i.sATCWMODE         esp8266.o
    0x08001b84   0x08001b84   0x00000070   Code   RO         3229    i.setOprToStationSoftAP  esp8266.o
    0x08001bf4   0x08001bf4   0x00000081   Data   RO         4078    .constdata          mc_w.l(ctype_o.o)
    0x08001c75   0x08001c75   0x00000003   PAD
    0x08001c78   0x08001c78   0x00000004   Data   RO         4079    .constdata          mc_w.l(ctype_o.o)
    0x08001c7c   0x08001c7c   0x00000020   Data   RO         4112    Region$$Table       anon$$obj.o


    Execution Region RW_IRAM1 (Exec base: 0x20000000, Load base: 0x08001c9c, Size: 0x00000720, Max: 0x00010000, ABSOLUTE)

    Exec Addr    Load Addr    Size         Type   Attr      Idx    E Section Name        Object

    0x20000000   0x08001c9c   0x00000008   Data   RW           11    .data               main.o
    0x20000008   0x08001ca4   0x00000004   Data   RW          169    .data               delay.o
    0x2000000c   0x08001ca8   0x00000014   Data   RW         1778    .data               stm32f10x_rcc.o
    0x20000020   0x08001cbc   0x00000014   Data   RW         3158    .data               system_stm32f10x.o
    0x20000034   0x08001cd0   0x00000004   Data   RW         3234    .data               esp8266.o
    0x20000038   0x08001cd4   0x0000000c   Data   RW         3471    .data               serialportapi.o
    0x20000044   0x08001ce0   0x00000004   Data   RW         4046    .data               mc_w.l(mvars.o)
    0x20000048   0x08001ce4   0x00000004   Data   RW         4047    .data               mc_w.l(mvars.o)
    0x2000004c   0x08001ce8   0x00000004   Data   RW         4051    .data               mc_w.l(errno.o)
    0x20000050        -       0x00000010   Zero   RW            2    .bss                main.o
    0x20000060        -       0x00000060   Zero   RW         3233    .bss                esp8266.o
    0x200000c0        -       0x00000060   Zero   RW         3470    .bss                serialportapi.o
    0x20000120        -       0x00000200   Zero   RW         3198    HEAP                startup_stm32f10x_hd.o
    0x20000320        -       0x00000400   Zero   RW         3197    STACK               startup_stm32f10x_hd.o


==============================================================================

Image component sizes


      Code (inc. data)   RO Data    RW Data    ZI Data      Debug   Object Name

         0          0          0          0          0         32   core_cm3.o
       112         20          0          4          0       1028   delay.o
      1896        468          0          4         96      13794   esp8266.o
       400         22          0          0          0       2552   interface.o
       380        138          0          8         16     252623   main.o
       144         16          0          0          0       1965   misc.o
       360         54          0          0          0       2485   motor.o
       272         48          0         12         96       4409   serialportapi.o
        36          8        304          0       1536        752   startup_stm32f10x_hd.o
       164          0          0          0          0       2952   stm32f10x_gpio.o
        70          6          0          0          0       3950   stm32f10x_it.o
       196         28          0         20          0       4342   stm32f10x_rcc.o
       502         72          0          0          0       7600   stm32f10x_tim.o
       350          6          0          0          0       7197   stm32f10x_usart.o
       146          0          0          0          0       3046   stringapiext.o
       232         20          0         20          0       1617   system_stm32f10x.o
       432         30          0          0          0       2178   uart.o

    ----------------------------------------------------------------------
      5706        936        336         68       1744     312522   Object Totals
         0          0         32          0          0          0   (incl. Generated)
        14          0          0          0          0          0   (incl. Padding)

    ----------------------------------------------------------------------

      Code (inc. data)   RO Data    RW Data    ZI Data      Debug   Library Member Name

        28          0          0          0          0         68   _chval.o
       158          0          0          0          0         92   _strtoul.o
        26          0          0          0          0         80   atoi.o
         8          4        133          0          0         68   ctype_o.o
         0          0          0          0          0          0   entry.o
         0          0          0          0          0          0   entry10a.o
         0          0          0          0          0          0   entry11a.o
         8          4          0          0          0          0   entry2.o
         4          0          0          0          0          0   entry5.o
         0          0          0          0          0          0   entry7b.o
         0          0          0          0          0          0   entry8b.o
         8          4          0          0          0          0   entry9a.o
         8          4          0          4          0         68   errno.o
        30          0          0          0          0          0   handlers.o
        36          8          0          0          0         68   init.o
       188         20          0          0          0        160   malloc.o
         0          0          0          8          0          0   mvars.o
       390         10          0          0          0        252   printf1.o
        20          0          0          0          0         68   strchr.o
        14          0          0          0          0         68   strlen.o
        24          0          0          0          0         76   strncpy.o
        36          0          0          0          0         80   strstr.o
       112          0          0          0          0         88   strtol.o
        44          0          0          0          0         80   uidiv.o

    ----------------------------------------------------------------------
      1146         54        136         12          0       1316   Library Totals
         4          0          3          0          0          0   (incl. Padding)

    ----------------------------------------------------------------------

      Code (inc. data)   RO Data    RW Data    ZI Data      Debug   Library Name

      1142         54        133         12          0       1316   mc_w.l

    ----------------------------------------------------------------------
      1146         54        136         12          0       1316   Library Totals

    ----------------------------------------------------------------------

==============================================================================


      Code (inc. data)   RO Data    RW Data    ZI Data      Debug   

      6852        990        472         80       1744     308946   Grand Totals
      6852        990        472         80       1744     308946   ELF Image Totals
      6852        990        472         80          0          0   ROM Totals

==============================================================================

    Total RO  Size (Code + RO Data)                 7324 (   7.15kB)
    Total RW  Size (RW Data + ZI Data)              1824 (   1.78kB)
    Total ROM Size (Code + RO Data + RW Data)       7404 (   7.23kB)

==============================================================================

